app/api/ai/chat/route.ts(2,43): error TS7016: Could not find a declaration file for module 'next/server'. 'D:/WORK-PROJECTS/pol-PA/node_modules/next/server.js' implicitly has an 'any' type.
  Try `npm i --save-dev @types/next` if it exists or add a new declaration (.d.ts) file containing `declare module 'next/server';`
app/api/ai/query/route.ts(8,43): error TS7016: Could not find a declaration file for module 'next/server'. 'D:/WORK-PROJECTS/pol-PA/node_modules/next/server.js' implicitly has an 'any' type.
  Try `npm i --save-dev @types/next` if it exists or add a new declaration (.d.ts) file containing `declare module 'next/server';`
app/api/arcgis/reports/route.ts(2,43): error TS7016: Could not find a declaration file for module 'next/server'. 'D:/WORK-PROJECTS/pol-PA/node_modules/next/server.js' implicitly has an 'any' type.
  Try `npm i --save-dev @types/next` if it exists or add a new declaration (.d.ts) file containing `declare module 'next/server';`
app/api/classify-query/route.ts(1,43): error TS7016: Could not find a declaration file for module 'next/server'. 'D:/WORK-PROJECTS/pol-PA/node_modules/next/server.js' implicitly has an 'any' type.
  Try `npm i --save-dev @types/next` if it exists or add a new declaration (.d.ts) file containing `declare module 'next/server';`
app/api/claude/analyze-query/route.ts(2,30): error TS7016: Could not find a declaration file for module 'next/server'. 'D:/WORK-PROJECTS/pol-PA/node_modules/next/server.js' implicitly has an 'any' type.
  Try `npm i --save-dev @types/next` if it exists or add a new declaration (.d.ts) file containing `declare module 'next/server';`
app/api/claude/analyze-query/route.ts(5,55): error TS2307: Cannot find module '@/utils/visualizations/query-mapper' or its corresponding type declarations.
app/api/claude/analyze-query/route.ts(210,51): error TS7006: Parameter 'suggestion' implicitly has an 'any' type.
app/api/claude/chat/route.ts(1,30): error TS7016: Could not find a declaration file for module 'next/server'. 'D:/WORK-PROJECTS/pol-PA/node_modules/next/server.js' implicitly has an 'any' type.
  Try `npm i --save-dev @types/next` if it exists or add a new declaration (.d.ts) file containing `declare module 'next/server';`
app/api/claude/chat/route.ts(2,29): error TS7016: Could not find a declaration file for module 'next/server'. 'D:/WORK-PROJECTS/pol-PA/node_modules/next/server.js' implicitly has an 'any' type.
  Try `npm i --save-dev @types/next` if it exists or add a new declaration (.d.ts) file containing `declare module 'next/server';`
app/api/claude/generate-response/__tests__/route.scope.integration.test.ts(5,1): error TS2304: Cannot find name 'jest'.
app/api/claude/generate-response/__tests__/route.scope.integration.test.ts(37,1): error TS2304: Cannot find name 'jest'.
app/api/claude/generate-response/__tests__/route.scope.integration.test.ts(46,1): error TS2304: Cannot find name 'jest'.
app/api/claude/generate-response/__tests__/route.scope.integration.test.ts(57,1): error TS2593: Cannot find name 'describe'. Do you need to install type definitions for a test runner? Try `npm i --save-dev @types/jest` or `npm i --save-dev @types/mocha` and then add 'jest' or 'mocha' to the types field in your tsconfig.
app/api/claude/generate-response/__tests__/route.scope.integration.test.ts(66,3): error TS2304: Cannot find name 'beforeAll'.
app/api/claude/generate-response/__tests__/route.scope.integration.test.ts(80,3): error TS2593: Cannot find name 'it'. Do you need to install type definitions for a test runner? Try `npm i --save-dev @types/jest` or `npm i --save-dev @types/mocha` and then add 'jest' or 'mocha' to the types field in your tsconfig.
app/api/claude/generate-response/__tests__/route.scope.integration.test.ts(86,5): error TS2304: Cannot find name 'expect'.
app/api/claude/generate-response/__tests__/route.scope.integration.test.ts(88,5): error TS2304: Cannot find name 'expect'.
app/api/claude/generate-response/__tests__/route.scope.integration.test.ts(89,5): error TS2304: Cannot find name 'expect'.
app/api/claude/generate-response/__tests__/route.scope.integration.test.ts(90,5): error TS2304: Cannot find name 'expect'.
app/api/claude/generate-response/__tests__/route.scope.integration.test.ts(93,3): error TS2593: Cannot find name 'it'. Do you need to install type definitions for a test runner? Try `npm i --save-dev @types/jest` or `npm i --save-dev @types/mocha` and then add 'jest' or 'mocha' to the types field in your tsconfig.
app/api/claude/generate-response/__tests__/route.scope.integration.test.ts(98,5): error TS2304: Cannot find name 'expect'.
app/api/claude/generate-response/__tests__/route.scope.integration.test.ts(99,5): error TS2304: Cannot find name 'expect'.
app/api/claude/generate-response/__tests__/route.scope.integration.test.ts(100,5): error TS2304: Cannot find name 'expect'.
app/api/claude/generate-response/__tests__/route.scope.integration.test.ts(101,5): error TS2304: Cannot find name 'expect'.
app/api/claude/generate-response/__tests__/route.spatialFilter.int.test.ts(2,30): error TS7016: Could not find a declaration file for module 'next/server'. 'D:/WORK-PROJECTS/pol-PA/node_modules/next/server.js' implicitly has an 'any' type.
  Try `npm i --save-dev @types/next` if it exists or add a new declaration (.d.ts) file containing `declare module 'next/server';`
app/api/claude/generate-response/__tests__/route.spatialFilter.int.test.ts(5,1): error TS2304: Cannot find name 'jest'.
app/api/claude/generate-response/__tests__/route.spatialFilter.int.test.ts(9,17): error TS2304: Cannot find name 'jest'.
app/api/claude/generate-response/__tests__/route.spatialFilter.int.test.ts(22,1): error TS2593: Cannot find name 'describe'. Do you need to install type definitions for a test runner? Try `npm i --save-dev @types/jest` or `npm i --save-dev @types/mocha` and then add 'jest' or 'mocha' to the types field in your tsconfig.
app/api/claude/generate-response/__tests__/route.spatialFilter.int.test.ts(23,3): error TS2304: Cannot find name 'beforeAll'.
app/api/claude/generate-response/__tests__/route.spatialFilter.int.test.ts(27,3): error TS2593: Cannot find name 'test'. Do you need to install type definitions for a test runner? Try `npm i --save-dev @types/jest` or `npm i --save-dev @types/mocha` and then add 'jest' or 'mocha' to the types field in your tsconfig.
app/api/claude/generate-response/__tests__/route.spatialFilter.int.test.ts(29,17): error TS2304: Cannot find name 'jest'.
app/api/claude/generate-response/__tests__/route.spatialFilter.int.test.ts(59,5): error TS2304: Cannot find name 'expect'.
app/api/claude/generate-response/__tests__/route.spatialFilter.int.test.ts(62,5): error TS2304: Cannot find name 'expect'.
app/api/claude/generate-response/__tests__/route.spatialFilter.int.test.ts(64,5): error TS2304: Cannot find name 'expect'.
app/api/claude/generate-response/__tests__/route.spatialFilter.int.test.ts(65,5): error TS2304: Cannot find name 'expect'.
app/api/claude/generate-response/__tests__/route.spatialFilter.int.test.ts(66,5): error TS2304: Cannot find name 'expect'.
app/api/claude/generate-response/data-summarization/__tests__/StatisticalFoundation.test.ts(25,1): error TS2593: Cannot find name 'describe'. Do you need to install type definitions for a test runner? Try `npm i --save-dev @types/jest` or `npm i --save-dev @types/mocha` and then add 'jest' or 'mocha' to the types field in your tsconfig.
app/api/claude/generate-response/data-summarization/__tests__/StatisticalFoundation.test.ts(27,3): error TS2593: Cannot find name 'describe'. Do you need to install type definitions for a test runner? Try `npm i --save-dev @types/jest` or `npm i --save-dev @types/mocha` and then add 'jest' or 'mocha' to the types field in your tsconfig.
app/api/claude/generate-response/data-summarization/__tests__/StatisticalFoundation.test.ts(28,5): error TS2593: Cannot find name 'it'. Do you need to install type definitions for a test runner? Try `npm i --save-dev @types/jest` or `npm i --save-dev @types/mocha` and then add 'jest' or 'mocha' to the types field in your tsconfig.
app/api/claude/generate-response/data-summarization/__tests__/StatisticalFoundation.test.ts(30,7): error TS2304: Cannot find name 'expect'.
app/api/claude/generate-response/data-summarization/__tests__/StatisticalFoundation.test.ts(33,5): error TS2593: Cannot find name 'it'. Do you need to install type definitions for a test runner? Try `npm i --save-dev @types/jest` or `npm i --save-dev @types/mocha` and then add 'jest' or 'mocha' to the types field in your tsconfig.
app/api/claude/generate-response/data-summarization/__tests__/StatisticalFoundation.test.ts(35,7): error TS2304: Cannot find name 'expect'.
app/api/claude/generate-response/data-summarization/__tests__/StatisticalFoundation.test.ts(38,5): error TS2593: Cannot find name 'it'. Do you need to install type definitions for a test runner? Try `npm i --save-dev @types/jest` or `npm i --save-dev @types/mocha` and then add 'jest' or 'mocha' to the types field in your tsconfig.
app/api/claude/generate-response/data-summarization/__tests__/StatisticalFoundation.test.ts(46,7): error TS2304: Cannot find name 'expect'.
app/api/claude/generate-response/data-summarization/__tests__/StatisticalFoundation.test.ts(50,3): error TS2593: Cannot find name 'describe'. Do you need to install type definitions for a test runner? Try `npm i --save-dev @types/jest` or `npm i --save-dev @types/mocha` and then add 'jest' or 'mocha' to the types field in your tsconfig.
app/api/claude/generate-response/data-summarization/__tests__/StatisticalFoundation.test.ts(51,5): error TS2593: Cannot find name 'it'. Do you need to install type definitions for a test runner? Try `npm i --save-dev @types/jest` or `npm i --save-dev @types/mocha` and then add 'jest' or 'mocha' to the types field in your tsconfig.
app/api/claude/generate-response/data-summarization/__tests__/StatisticalFoundation.test.ts(55,7): error TS2304: Cannot find name 'expect'.
app/api/claude/generate-response/data-summarization/__tests__/StatisticalFoundation.test.ts(56,7): error TS2304: Cannot find name 'expect'.
app/api/claude/generate-response/data-summarization/__tests__/StatisticalFoundation.test.ts(57,7): error TS2304: Cannot find name 'expect'.
app/api/claude/generate-response/data-summarization/__tests__/StatisticalFoundation.test.ts(58,7): error TS2304: Cannot find name 'expect'.
app/api/claude/generate-response/data-summarization/__tests__/StatisticalFoundation.test.ts(59,7): error TS2304: Cannot find name 'expect'.
app/api/claude/generate-response/data-summarization/__tests__/StatisticalFoundation.test.ts(60,7): error TS2304: Cannot find name 'expect'.
app/api/claude/generate-response/data-summarization/__tests__/StatisticalFoundation.test.ts(63,5): error TS2593: Cannot find name 'it'. Do you need to install type definitions for a test runner? Try `npm i --save-dev @types/jest` or `npm i --save-dev @types/mocha` and then add 'jest' or 'mocha' to the types field in your tsconfig.
app/api/claude/generate-response/data-summarization/__tests__/StatisticalFoundation.test.ts(65,7): error TS2304: Cannot find name 'expect'.
app/api/claude/generate-response/data-summarization/__tests__/StatisticalFoundation.test.ts(66,7): error TS2304: Cannot find name 'expect'.
app/api/claude/generate-response/data-summarization/__tests__/StatisticalFoundation.test.ts(69,5): error TS2593: Cannot find name 'it'. Do you need to install type definitions for a test runner? Try `npm i --save-dev @types/jest` or `npm i --save-dev @types/mocha` and then add 'jest' or 'mocha' to the types field in your tsconfig.
app/api/claude/generate-response/data-summarization/__tests__/StatisticalFoundation.test.ts(71,7): error TS2304: Cannot find name 'expect'.
app/api/claude/generate-response/data-summarization/__tests__/StatisticalFoundation.test.ts(72,7): error TS2304: Cannot find name 'expect'.
app/api/claude/generate-response/data-summarization/__tests__/StatisticalFoundation.test.ts(73,7): error TS2304: Cannot find name 'expect'.
app/api/claude/generate-response/data-summarization/__tests__/StatisticalFoundation.test.ts(74,7): error TS2304: Cannot find name 'expect'.
app/api/claude/generate-response/data-summarization/__tests__/StatisticalFoundation.test.ts(75,7): error TS2304: Cannot find name 'expect'.
app/api/claude/generate-response/data-summarization/__tests__/StatisticalFoundation.test.ts(79,3): error TS2593: Cannot find name 'describe'. Do you need to install type definitions for a test runner? Try `npm i --save-dev @types/jest` or `npm i --save-dev @types/mocha` and then add 'jest' or 'mocha' to the types field in your tsconfig.
app/api/claude/generate-response/data-summarization/__tests__/StatisticalFoundation.test.ts(80,5): error TS2593: Cannot find name 'it'. Do you need to install type definitions for a test runner? Try `npm i --save-dev @types/jest` or `npm i --save-dev @types/mocha` and then add 'jest' or 'mocha' to the types field in your tsconfig.
app/api/claude/generate-response/data-summarization/__tests__/StatisticalFoundation.test.ts(84,7): error TS2304: Cannot find name 'expect'.
app/api/claude/generate-response/data-summarization/__tests__/StatisticalFoundation.test.ts(87,5): error TS2593: Cannot find name 'it'. Do you need to install type definitions for a test runner? Try `npm i --save-dev @types/jest` or `npm i --save-dev @types/mocha` and then add 'jest' or 'mocha' to the types field in your tsconfig.
app/api/claude/generate-response/data-summarization/__tests__/StatisticalFoundation.test.ts(91,7): error TS2304: Cannot find name 'expect'.
app/api/claude/generate-response/data-summarization/__tests__/StatisticalFoundation.test.ts(92,7): error TS2304: Cannot find name 'expect'.
app/api/claude/generate-response/data-summarization/__tests__/StatisticalFoundation.test.ts(95,5): error TS2593: Cannot find name 'it'. Do you need to install type definitions for a test runner? Try `npm i --save-dev @types/jest` or `npm i --save-dev @types/mocha` and then add 'jest' or 'mocha' to the types field in your tsconfig.
app/api/claude/generate-response/data-summarization/__tests__/StatisticalFoundation.test.ts(97,7): error TS2304: Cannot find name 'expect'.
app/api/claude/generate-response/data-summarization/__tests__/StatisticalFoundation.test.ts(101,3): error TS2593: Cannot find name 'describe'. Do you need to install type definitions for a test runner? Try `npm i --save-dev @types/jest` or `npm i --save-dev @types/mocha` and then add 'jest' or 'mocha' to the types field in your tsconfig.
app/api/claude/generate-response/data-summarization/__tests__/StatisticalFoundation.test.ts(102,5): error TS2593: Cannot find name 'it'. Do you need to install type definitions for a test runner? Try `npm i --save-dev @types/jest` or `npm i --save-dev @types/mocha` and then add 'jest' or 'mocha' to the types field in your tsconfig.
app/api/claude/generate-response/data-summarization/__tests__/StatisticalFoundation.test.ts(105,7): error TS2304: Cannot find name 'expect'.
app/api/claude/generate-response/data-summarization/__tests__/StatisticalFoundation.test.ts(106,7): error TS2304: Cannot find name 'expect'.
app/api/claude/generate-response/data-summarization/__tests__/StatisticalFoundation.test.ts(107,7): error TS2304: Cannot find name 'expect'.
app/api/claude/generate-response/data-summarization/__tests__/StatisticalFoundation.test.ts(108,7): error TS2304: Cannot find name 'expect'.
app/api/claude/generate-response/data-summarization/__tests__/StatisticalFoundation.test.ts(111,5): error TS2593: Cannot find name 'it'. Do you need to install type definitions for a test runner? Try `npm i --save-dev @types/jest` or `npm i --save-dev @types/mocha` and then add 'jest' or 'mocha' to the types field in your tsconfig.
app/api/claude/generate-response/data-summarization/__tests__/StatisticalFoundation.test.ts(118,7): error TS2304: Cannot find name 'expect'.
app/api/claude/generate-response/data-summarization/__tests__/StatisticalFoundation.test.ts(119,7): error TS2304: Cannot find name 'expect'.
app/api/claude/generate-response/data-summarization/__tests__/StatisticalFoundation.test.ts(120,7): error TS2304: Cannot find name 'expect'.
app/api/claude/generate-response/data-summarization/__tests__/StatisticalFoundation.test.ts(124,3): error TS2593: Cannot find name 'describe'. Do you need to install type definitions for a test runner? Try `npm i --save-dev @types/jest` or `npm i --save-dev @types/mocha` and then add 'jest' or 'mocha' to the types field in your tsconfig.
app/api/claude/generate-response/data-summarization/__tests__/StatisticalFoundation.test.ts(125,5): error TS2593: Cannot find name 'it'. Do you need to install type definitions for a test runner? Try `npm i --save-dev @types/jest` or `npm i --save-dev @types/mocha` and then add 'jest' or 'mocha' to the types field in your tsconfig.
app/api/claude/generate-response/data-summarization/__tests__/StatisticalFoundation.test.ts(132,7): error TS2304: Cannot find name 'expect'.
app/api/claude/generate-response/data-summarization/__tests__/StatisticalFoundation.test.ts(133,7): error TS2304: Cannot find name 'expect'.
app/api/claude/generate-response/data-summarization/__tests__/StatisticalFoundation.test.ts(134,7): error TS2304: Cannot find name 'expect'.
app/api/claude/generate-response/data-summarization/__tests__/StatisticalFoundation.test.ts(135,7): error TS2304: Cannot find name 'expect'.
app/api/claude/generate-response/data-summarization/__tests__/StatisticalFoundation.test.ts(136,7): error TS2304: Cannot find name 'expect'.
app/api/claude/generate-response/data-summarization/__tests__/StatisticalFoundation.test.ts(137,7): error TS2304: Cannot find name 'expect'.
app/api/claude/generate-response/data-summarization/__tests__/StatisticalFoundation.test.ts(138,7): error TS2304: Cannot find name 'expect'.
app/api/claude/generate-response/data-summarization/__tests__/StatisticalFoundation.test.ts(139,7): error TS2304: Cannot find name 'expect'.
app/api/claude/generate-response/data-summarization/__tests__/StatisticalFoundation.test.ts(142,5): error TS2593: Cannot find name 'it'. Do you need to install type definitions for a test runner? Try `npm i --save-dev @types/jest` or `npm i --save-dev @types/mocha` and then add 'jest' or 'mocha' to the types field in your tsconfig.
app/api/claude/generate-response/data-summarization/__tests__/StatisticalFoundation.test.ts(144,7): error TS2304: Cannot find name 'expect'.
app/api/claude/generate-response/data-summarization/__tests__/StatisticalFoundation.test.ts(147,5): error TS2593: Cannot find name 'it'. Do you need to install type definitions for a test runner? Try `npm i --save-dev @types/jest` or `npm i --save-dev @types/mocha` and then add 'jest' or 'mocha' to the types field in your tsconfig.
app/api/claude/generate-response/data-summarization/__tests__/StatisticalFoundation.test.ts(153,7): error TS2304: Cannot find name 'expect'.
app/api/claude/generate-response/route.ts(5,30): error TS7016: Could not find a declaration file for module 'next/server'. 'D:/WORK-PROJECTS/pol-PA/node_modules/next/server.js' implicitly has an 'any' type.
  Try `npm i --save-dev @types/next` if it exists or add a new declaration (.d.ts) file containing `declare module 'next/server';`
app/api/claude/generate-response/route.ts(11,29): error TS7016: Could not find a declaration file for module 'next/server'. 'D:/WORK-PROJECTS/pol-PA/node_modules/next/server.js' implicitly has an 'any' type.
  Try `npm i --save-dev @types/next` if it exists or add a new declaration (.d.ts) file containing `declare module 'next/server';`
app/api/claude/housing-generate-response/__tests__/route.scope.integration.test.ts(5,1): error TS2304: Cannot find name 'jest'.
app/api/claude/housing-generate-response/__tests__/route.scope.integration.test.ts(37,1): error TS2304: Cannot find name 'jest'.
app/api/claude/housing-generate-response/__tests__/route.scope.integration.test.ts(46,1): error TS2304: Cannot find name 'jest'.
app/api/claude/housing-generate-response/__tests__/route.scope.integration.test.ts(57,1): error TS2593: Cannot find name 'describe'. Do you need to install type definitions for a test runner? Try `npm i --save-dev @types/jest` or `npm i --save-dev @types/mocha` and then add 'jest' or 'mocha' to the types field in your tsconfig.
app/api/claude/housing-generate-response/__tests__/route.scope.integration.test.ts(66,3): error TS2304: Cannot find name 'beforeAll'.
app/api/claude/housing-generate-response/__tests__/route.scope.integration.test.ts(80,3): error TS2593: Cannot find name 'it'. Do you need to install type definitions for a test runner? Try `npm i --save-dev @types/jest` or `npm i --save-dev @types/mocha` and then add 'jest' or 'mocha' to the types field in your tsconfig.
app/api/claude/housing-generate-response/__tests__/route.scope.integration.test.ts(86,5): error TS2304: Cannot find name 'expect'.
app/api/claude/housing-generate-response/__tests__/route.scope.integration.test.ts(88,5): error TS2304: Cannot find name 'expect'.
app/api/claude/housing-generate-response/__tests__/route.scope.integration.test.ts(89,5): error TS2304: Cannot find name 'expect'.
app/api/claude/housing-generate-response/__tests__/route.scope.integration.test.ts(90,5): error TS2304: Cannot find name 'expect'.
app/api/claude/housing-generate-response/__tests__/route.scope.integration.test.ts(93,3): error TS2593: Cannot find name 'it'. Do you need to install type definitions for a test runner? Try `npm i --save-dev @types/jest` or `npm i --save-dev @types/mocha` and then add 'jest' or 'mocha' to the types field in your tsconfig.
app/api/claude/housing-generate-response/__tests__/route.scope.integration.test.ts(98,5): error TS2304: Cannot find name 'expect'.
app/api/claude/housing-generate-response/__tests__/route.scope.integration.test.ts(99,5): error TS2304: Cannot find name 'expect'.
app/api/claude/housing-generate-response/__tests__/route.scope.integration.test.ts(100,5): error TS2304: Cannot find name 'expect'.
app/api/claude/housing-generate-response/__tests__/route.scope.integration.test.ts(101,5): error TS2304: Cannot find name 'expect'.
app/api/claude/housing-generate-response/__tests__/route.spatialFilter.int.test.ts(2,30): error TS7016: Could not find a declaration file for module 'next/server'. 'D:/WORK-PROJECTS/pol-PA/node_modules/next/server.js' implicitly has an 'any' type.
  Try `npm i --save-dev @types/next` if it exists or add a new declaration (.d.ts) file containing `declare module 'next/server';`
app/api/claude/housing-generate-response/__tests__/route.spatialFilter.int.test.ts(5,1): error TS2304: Cannot find name 'jest'.
app/api/claude/housing-generate-response/__tests__/route.spatialFilter.int.test.ts(9,17): error TS2304: Cannot find name 'jest'.
app/api/claude/housing-generate-response/__tests__/route.spatialFilter.int.test.ts(22,1): error TS2593: Cannot find name 'describe'. Do you need to install type definitions for a test runner? Try `npm i --save-dev @types/jest` or `npm i --save-dev @types/mocha` and then add 'jest' or 'mocha' to the types field in your tsconfig.
app/api/claude/housing-generate-response/__tests__/route.spatialFilter.int.test.ts(23,3): error TS2304: Cannot find name 'beforeAll'.
app/api/claude/housing-generate-response/__tests__/route.spatialFilter.int.test.ts(27,3): error TS2593: Cannot find name 'test'. Do you need to install type definitions for a test runner? Try `npm i --save-dev @types/jest` or `npm i --save-dev @types/mocha` and then add 'jest' or 'mocha' to the types field in your tsconfig.
app/api/claude/housing-generate-response/__tests__/route.spatialFilter.int.test.ts(29,17): error TS2304: Cannot find name 'jest'.
app/api/claude/housing-generate-response/__tests__/route.spatialFilter.int.test.ts(59,5): error TS2304: Cannot find name 'expect'.
app/api/claude/housing-generate-response/__tests__/route.spatialFilter.int.test.ts(62,5): error TS2304: Cannot find name 'expect'.
app/api/claude/housing-generate-response/__tests__/route.spatialFilter.int.test.ts(64,5): error TS2304: Cannot find name 'expect'.
app/api/claude/housing-generate-response/__tests__/route.spatialFilter.int.test.ts(65,5): error TS2304: Cannot find name 'expect'.
app/api/claude/housing-generate-response/__tests__/route.spatialFilter.int.test.ts(66,5): error TS2304: Cannot find name 'expect'.
app/api/claude/housing-generate-response/data-summarization/__tests__/StatisticalFoundation.test.ts(25,1): error TS2593: Cannot find name 'describe'. Do you need to install type definitions for a test runner? Try `npm i --save-dev @types/jest` or `npm i --save-dev @types/mocha` and then add 'jest' or 'mocha' to the types field in your tsconfig.
app/api/claude/housing-generate-response/data-summarization/__tests__/StatisticalFoundation.test.ts(27,3): error TS2593: Cannot find name 'describe'. Do you need to install type definitions for a test runner? Try `npm i --save-dev @types/jest` or `npm i --save-dev @types/mocha` and then add 'jest' or 'mocha' to the types field in your tsconfig.
app/api/claude/housing-generate-response/data-summarization/__tests__/StatisticalFoundation.test.ts(28,5): error TS2593: Cannot find name 'it'. Do you need to install type definitions for a test runner? Try `npm i --save-dev @types/jest` or `npm i --save-dev @types/mocha` and then add 'jest' or 'mocha' to the types field in your tsconfig.
app/api/claude/housing-generate-response/data-summarization/__tests__/StatisticalFoundation.test.ts(30,7): error TS2304: Cannot find name 'expect'.
app/api/claude/housing-generate-response/data-summarization/__tests__/StatisticalFoundation.test.ts(33,5): error TS2593: Cannot find name 'it'. Do you need to install type definitions for a test runner? Try `npm i --save-dev @types/jest` or `npm i --save-dev @types/mocha` and then add 'jest' or 'mocha' to the types field in your tsconfig.
app/api/claude/housing-generate-response/data-summarization/__tests__/StatisticalFoundation.test.ts(35,7): error TS2304: Cannot find name 'expect'.
app/api/claude/housing-generate-response/data-summarization/__tests__/StatisticalFoundation.test.ts(38,5): error TS2593: Cannot find name 'it'. Do you need to install type definitions for a test runner? Try `npm i --save-dev @types/jest` or `npm i --save-dev @types/mocha` and then add 'jest' or 'mocha' to the types field in your tsconfig.
app/api/claude/housing-generate-response/data-summarization/__tests__/StatisticalFoundation.test.ts(46,7): error TS2304: Cannot find name 'expect'.
app/api/claude/housing-generate-response/data-summarization/__tests__/StatisticalFoundation.test.ts(50,3): error TS2593: Cannot find name 'describe'. Do you need to install type definitions for a test runner? Try `npm i --save-dev @types/jest` or `npm i --save-dev @types/mocha` and then add 'jest' or 'mocha' to the types field in your tsconfig.
app/api/claude/housing-generate-response/data-summarization/__tests__/StatisticalFoundation.test.ts(51,5): error TS2593: Cannot find name 'it'. Do you need to install type definitions for a test runner? Try `npm i --save-dev @types/jest` or `npm i --save-dev @types/mocha` and then add 'jest' or 'mocha' to the types field in your tsconfig.
app/api/claude/housing-generate-response/data-summarization/__tests__/StatisticalFoundation.test.ts(55,7): error TS2304: Cannot find name 'expect'.
app/api/claude/housing-generate-response/data-summarization/__tests__/StatisticalFoundation.test.ts(56,7): error TS2304: Cannot find name 'expect'.
app/api/claude/housing-generate-response/data-summarization/__tests__/StatisticalFoundation.test.ts(57,7): error TS2304: Cannot find name 'expect'.
app/api/claude/housing-generate-response/data-summarization/__tests__/StatisticalFoundation.test.ts(58,7): error TS2304: Cannot find name 'expect'.
app/api/claude/housing-generate-response/data-summarization/__tests__/StatisticalFoundation.test.ts(59,7): error TS2304: Cannot find name 'expect'.
app/api/claude/housing-generate-response/data-summarization/__tests__/StatisticalFoundation.test.ts(60,7): error TS2304: Cannot find name 'expect'.
app/api/claude/housing-generate-response/data-summarization/__tests__/StatisticalFoundation.test.ts(63,5): error TS2593: Cannot find name 'it'. Do you need to install type definitions for a test runner? Try `npm i --save-dev @types/jest` or `npm i --save-dev @types/mocha` and then add 'jest' or 'mocha' to the types field in your tsconfig.
app/api/claude/housing-generate-response/data-summarization/__tests__/StatisticalFoundation.test.ts(65,7): error TS2304: Cannot find name 'expect'.
app/api/claude/housing-generate-response/data-summarization/__tests__/StatisticalFoundation.test.ts(66,7): error TS2304: Cannot find name 'expect'.
app/api/claude/housing-generate-response/data-summarization/__tests__/StatisticalFoundation.test.ts(69,5): error TS2593: Cannot find name 'it'. Do you need to install type definitions for a test runner? Try `npm i --save-dev @types/jest` or `npm i --save-dev @types/mocha` and then add 'jest' or 'mocha' to the types field in your tsconfig.
app/api/claude/housing-generate-response/data-summarization/__tests__/StatisticalFoundation.test.ts(71,7): error TS2304: Cannot find name 'expect'.
app/api/claude/housing-generate-response/data-summarization/__tests__/StatisticalFoundation.test.ts(72,7): error TS2304: Cannot find name 'expect'.
app/api/claude/housing-generate-response/data-summarization/__tests__/StatisticalFoundation.test.ts(73,7): error TS2304: Cannot find name 'expect'.
app/api/claude/housing-generate-response/data-summarization/__tests__/StatisticalFoundation.test.ts(74,7): error TS2304: Cannot find name 'expect'.
app/api/claude/housing-generate-response/data-summarization/__tests__/StatisticalFoundation.test.ts(75,7): error TS2304: Cannot find name 'expect'.
app/api/claude/housing-generate-response/data-summarization/__tests__/StatisticalFoundation.test.ts(79,3): error TS2593: Cannot find name 'describe'. Do you need to install type definitions for a test runner? Try `npm i --save-dev @types/jest` or `npm i --save-dev @types/mocha` and then add 'jest' or 'mocha' to the types field in your tsconfig.
app/api/claude/housing-generate-response/data-summarization/__tests__/StatisticalFoundation.test.ts(80,5): error TS2593: Cannot find name 'it'. Do you need to install type definitions for a test runner? Try `npm i --save-dev @types/jest` or `npm i --save-dev @types/mocha` and then add 'jest' or 'mocha' to the types field in your tsconfig.
app/api/claude/housing-generate-response/data-summarization/__tests__/StatisticalFoundation.test.ts(84,7): error TS2304: Cannot find name 'expect'.
app/api/claude/housing-generate-response/data-summarization/__tests__/StatisticalFoundation.test.ts(87,5): error TS2593: Cannot find name 'it'. Do you need to install type definitions for a test runner? Try `npm i --save-dev @types/jest` or `npm i --save-dev @types/mocha` and then add 'jest' or 'mocha' to the types field in your tsconfig.
app/api/claude/housing-generate-response/data-summarization/__tests__/StatisticalFoundation.test.ts(91,7): error TS2304: Cannot find name 'expect'.
app/api/claude/housing-generate-response/data-summarization/__tests__/StatisticalFoundation.test.ts(92,7): error TS2304: Cannot find name 'expect'.
app/api/claude/housing-generate-response/data-summarization/__tests__/StatisticalFoundation.test.ts(95,5): error TS2593: Cannot find name 'it'. Do you need to install type definitions for a test runner? Try `npm i --save-dev @types/jest` or `npm i --save-dev @types/mocha` and then add 'jest' or 'mocha' to the types field in your tsconfig.
app/api/claude/housing-generate-response/data-summarization/__tests__/StatisticalFoundation.test.ts(97,7): error TS2304: Cannot find name 'expect'.
app/api/claude/housing-generate-response/data-summarization/__tests__/StatisticalFoundation.test.ts(101,3): error TS2593: Cannot find name 'describe'. Do you need to install type definitions for a test runner? Try `npm i --save-dev @types/jest` or `npm i --save-dev @types/mocha` and then add 'jest' or 'mocha' to the types field in your tsconfig.
app/api/claude/housing-generate-response/data-summarization/__tests__/StatisticalFoundation.test.ts(102,5): error TS2593: Cannot find name 'it'. Do you need to install type definitions for a test runner? Try `npm i --save-dev @types/jest` or `npm i --save-dev @types/mocha` and then add 'jest' or 'mocha' to the types field in your tsconfig.
app/api/claude/housing-generate-response/data-summarization/__tests__/StatisticalFoundation.test.ts(105,7): error TS2304: Cannot find name 'expect'.
app/api/claude/housing-generate-response/data-summarization/__tests__/StatisticalFoundation.test.ts(106,7): error TS2304: Cannot find name 'expect'.
app/api/claude/housing-generate-response/data-summarization/__tests__/StatisticalFoundation.test.ts(107,7): error TS2304: Cannot find name 'expect'.
app/api/claude/housing-generate-response/data-summarization/__tests__/StatisticalFoundation.test.ts(108,7): error TS2304: Cannot find name 'expect'.
app/api/claude/housing-generate-response/data-summarization/__tests__/StatisticalFoundation.test.ts(111,5): error TS2593: Cannot find name 'it'. Do you need to install type definitions for a test runner? Try `npm i --save-dev @types/jest` or `npm i --save-dev @types/mocha` and then add 'jest' or 'mocha' to the types field in your tsconfig.
app/api/claude/housing-generate-response/data-summarization/__tests__/StatisticalFoundation.test.ts(118,7): error TS2304: Cannot find name 'expect'.
app/api/claude/housing-generate-response/data-summarization/__tests__/StatisticalFoundation.test.ts(119,7): error TS2304: Cannot find name 'expect'.
app/api/claude/housing-generate-response/data-summarization/__tests__/StatisticalFoundation.test.ts(120,7): error TS2304: Cannot find name 'expect'.
app/api/claude/housing-generate-response/data-summarization/__tests__/StatisticalFoundation.test.ts(124,3): error TS2593: Cannot find name 'describe'. Do you need to install type definitions for a test runner? Try `npm i --save-dev @types/jest` or `npm i --save-dev @types/mocha` and then add 'jest' or 'mocha' to the types field in your tsconfig.
app/api/claude/housing-generate-response/data-summarization/__tests__/StatisticalFoundation.test.ts(125,5): error TS2593: Cannot find name 'it'. Do you need to install type definitions for a test runner? Try `npm i --save-dev @types/jest` or `npm i --save-dev @types/mocha` and then add 'jest' or 'mocha' to the types field in your tsconfig.
app/api/claude/housing-generate-response/data-summarization/__tests__/StatisticalFoundation.test.ts(132,7): error TS2304: Cannot find name 'expect'.
app/api/claude/housing-generate-response/data-summarization/__tests__/StatisticalFoundation.test.ts(133,7): error TS2304: Cannot find name 'expect'.
app/api/claude/housing-generate-response/data-summarization/__tests__/StatisticalFoundation.test.ts(134,7): error TS2304: Cannot find name 'expect'.
app/api/claude/housing-generate-response/data-summarization/__tests__/StatisticalFoundation.test.ts(135,7): error TS2304: Cannot find name 'expect'.
app/api/claude/housing-generate-response/data-summarization/__tests__/StatisticalFoundation.test.ts(136,7): error TS2304: Cannot find name 'expect'.
app/api/claude/housing-generate-response/data-summarization/__tests__/StatisticalFoundation.test.ts(137,7): error TS2304: Cannot find name 'expect'.
app/api/claude/housing-generate-response/data-summarization/__tests__/StatisticalFoundation.test.ts(138,7): error TS2304: Cannot find name 'expect'.
app/api/claude/housing-generate-response/data-summarization/__tests__/StatisticalFoundation.test.ts(139,7): error TS2304: Cannot find name 'expect'.
app/api/claude/housing-generate-response/data-summarization/__tests__/StatisticalFoundation.test.ts(142,5): error TS2593: Cannot find name 'it'. Do you need to install type definitions for a test runner? Try `npm i --save-dev @types/jest` or `npm i --save-dev @types/mocha` and then add 'jest' or 'mocha' to the types field in your tsconfig.
app/api/claude/housing-generate-response/data-summarization/__tests__/StatisticalFoundation.test.ts(144,7): error TS2304: Cannot find name 'expect'.
app/api/claude/housing-generate-response/data-summarization/__tests__/StatisticalFoundation.test.ts(147,5): error TS2593: Cannot find name 'it'. Do you need to install type definitions for a test runner? Try `npm i --save-dev @types/jest` or `npm i --save-dev @types/mocha` and then add 'jest' or 'mocha' to the types field in your tsconfig.
app/api/claude/housing-generate-response/data-summarization/__tests__/StatisticalFoundation.test.ts(153,7): error TS2304: Cannot find name 'expect'.
app/api/claude/housing-generate-response/route.ts(5,30): error TS7016: Could not find a declaration file for module 'next/server'. 'D:/WORK-PROJECTS/pol-PA/node_modules/next/server.js' implicitly has an 'any' type.
  Try `npm i --save-dev @types/next` if it exists or add a new declaration (.d.ts) file containing `declare module 'next/server';`
app/api/claude/housing-generate-response/route.ts(11,29): error TS7016: Could not find a declaration file for module 'next/server'. 'D:/WORK-PROJECTS/pol-PA/node_modules/next/server.js' implicitly has an 'any' type.
  Try `npm i --save-dev @types/next` if it exists or add a new declaration (.d.ts) file containing `declare module 'next/server';`
app/api/claude/housing-generate-response/route.ts(13,35): error TS2307: Cannot find module '@/app/utils/field-analysis' or its corresponding type declarations.
app/api/claude/layer-matching.ts(2,54): error TS7016: Could not find a declaration file for module 'next'. 'D:/WORK-PROJECTS/pol-PA/node_modules/next/dist/server/next.js' implicitly has an 'any' type.
  Try `npm i --save-dev @types/next` if it exists or add a new declaration (.d.ts) file containing `declare module 'next';`
app/api/claude/text-to-sql/route.ts(1,30): error TS7016: Could not find a declaration file for module 'next/server'. 'D:/WORK-PROJECTS/pol-PA/node_modules/next/server.js' implicitly has an 'any' type.
  Try `npm i --save-dev @types/next` if it exists or add a new declaration (.d.ts) file containing `declare module 'next/server';`
app/api/comparative-market-analysis/route.ts(1,43): error TS7016: Could not find a declaration file for module 'next/server'. 'D:/WORK-PROJECTS/pol-PA/node_modules/next/server.js' implicitly has an 'any' type.
  Try `npm i --save-dev @types/next` if it exists or add a new declaration (.d.ts) file containing `declare module 'next/server';`
app/api/comparative-market-analysis/route.ts(2,63): error TS2307: Cannot find module '@/components/cma/propertyTypeConfig' or its corresponding type declarations.
app/api/comparison/batch/route.ts(1,43): error TS7016: Could not find a declaration file for module 'next/server'. 'D:/WORK-PROJECTS/pol-PA/node_modules/next/server.js' implicitly has an 'any' type.
  Try `npm i --save-dev @types/next` if it exists or add a new declaration (.d.ts) file containing `declare module 'next/server';`
app/api/comparison/brief/route.ts(1,43): error TS7016: Could not find a declaration file for module 'next/server'. 'D:/WORK-PROJECTS/pol-PA/node_modules/next/server.js' implicitly has an 'any' type.
  Try `npm i --save-dev @types/next` if it exists or add a new declaration (.d.ts) file containing `declare module 'next/server';`
app/api/comparison/export-pdf/route.ts(10,43): error TS7016: Could not find a declaration file for module 'next/server'. 'D:/WORK-PROJECTS/pol-PA/node_modules/next/server.js' implicitly has an 'any' type.
  Try `npm i --save-dev @types/next` if it exists or add a new declaration (.d.ts) file containing `declare module 'next/server';`
app/api/comparison/export-pdf/route.ts(200,27): error TS2345: Argument of type 'Buffer<ArrayBufferLike>' is not assignable to parameter of type 'BodyInit | null | undefined'.
  Type 'Buffer<ArrayBufferLike>' is missing the following properties from type 'URLSearchParams': size, append, delete, get, and 2 more.
app/api/comparison/route.ts(1,43): error TS7016: Could not find a declaration file for module 'next/server'. 'D:/WORK-PROJECTS/pol-PA/node_modules/next/server.js' implicitly has an 'any' type.
  Try `npm i --save-dev @types/next` if it exists or add a new declaration (.d.ts) file containing `declare module 'next/server';`
app/api/comparison/similar/route.ts(1,43): error TS7016: Could not find a declaration file for module 'next/server'. 'D:/WORK-PROJECTS/pol-PA/node_modules/next/server.js' implicitly has an 'any' type.
  Try `npm i --save-dev @types/next` if it exists or add a new declaration (.d.ts) file containing `declare module 'next/server';`
app/api/knowledge-graph/route.ts(10,43): error TS7016: Could not find a declaration file for module 'next/server'. 'D:/WORK-PROJECTS/pol-PA/node_modules/next/server.js' implicitly has an 'any' type.
  Try `npm i --save-dev @types/next` if it exists or add a new declaration (.d.ts) file containing `declare module 'next/server';`
app/api/political-chat/route.ts(14,30): error TS7016: Could not find a declaration file for module 'next/server'. 'D:/WORK-PROJECTS/pol-PA/node_modules/next/server.js' implicitly has an 'any' type.
  Try `npm i --save-dev @types/next` if it exists or add a new declaration (.d.ts) file containing `declare module 'next/server';`
app/api/political-chat/route.ts(15,29): error TS7016: Could not find a declaration file for module 'next/server'. 'D:/WORK-PROJECTS/pol-PA/node_modules/next/server.js' implicitly has an 'any' type.
  Try `npm i --save-dev @types/next` if it exists or add a new declaration (.d.ts) file containing `declare module 'next/server';`
app/api/political-chat/route.ts(222,41): error TS2339: Property 'expertiseLevel' does not exist on type '{}'.
app/api/political-pdf/batch/route.ts(1,43): error TS7016: Could not find a declaration file for module 'next/server'. 'D:/WORK-PROJECTS/pol-PA/node_modules/next/server.js' implicitly has an 'any' type.
  Try `npm i --save-dev @types/next` if it exists or add a new declaration (.d.ts) file containing `declare module 'next/server';`
app/api/political-pdf/canvassing/route.ts(1,43): error TS7016: Could not find a declaration file for module 'next/server'. 'D:/WORK-PROJECTS/pol-PA/node_modules/next/server.js' implicitly has an 'any' type.
  Try `npm i --save-dev @types/next` if it exists or add a new declaration (.d.ts) file containing `declare module 'next/server';`
app/api/political-pdf/comparison/route.ts(1,43): error TS7016: Could not find a declaration file for module 'next/server'. 'D:/WORK-PROJECTS/pol-PA/node_modules/next/server.js' implicitly has an 'any' type.
  Try `npm i --save-dev @types/next` if it exists or add a new declaration (.d.ts) file containing `declare module 'next/server';`
app/api/political-pdf/donor/route.ts(1,43): error TS7016: Could not find a declaration file for module 'next/server'. 'D:/WORK-PROJECTS/pol-PA/node_modules/next/server.js' implicitly has an 'any' type.
  Try `npm i --save-dev @types/next` if it exists or add a new declaration (.d.ts) file containing `declare module 'next/server';`
app/api/political-pdf/executive-summary/route.ts(1,43): error TS7016: Could not find a declaration file for module 'next/server'. 'D:/WORK-PROJECTS/pol-PA/node_modules/next/server.js' implicitly has an 'any' type.
  Try `npm i --save-dev @types/next` if it exists or add a new declaration (.d.ts) file containing `declare module 'next/server';`
app/api/political-pdf/route.ts(1,43): error TS7016: Could not find a declaration file for module 'next/server'. 'D:/WORK-PROJECTS/pol-PA/node_modules/next/server.js' implicitly has an 'any' type.
  Try `npm i --save-dev @types/next` if it exists or add a new declaration (.d.ts) file containing `declare module 'next/server';`
app/api/political-pdf/segment/route.ts(1,43): error TS7016: Could not find a declaration file for module 'next/server'. 'D:/WORK-PROJECTS/pol-PA/node_modules/next/server.js' implicitly has an 'any' type.
  Try `npm i --save-dev @types/next` if it exists or add a new declaration (.d.ts) file containing `declare module 'next/server';`
app/api/political-pdf/targeting-brief/route.ts(1,43): error TS7016: Could not find a declaration file for module 'next/server'. 'D:/WORK-PROJECTS/pol-PA/node_modules/next/server.js' implicitly has an 'any' type.
  Try `npm i --save-dev @types/next` if it exists or add a new declaration (.d.ts) file containing `declare module 'next/server';`
app/api/segments/route.ts(15,43): error TS7016: Could not find a declaration file for module 'next/server'. 'D:/WORK-PROJECTS/pol-PA/node_modules/next/server.js' implicitly has an 'any' type.
  Try `npm i --save-dev @types/next` if it exists or add a new declaration (.d.ts) file containing `declare module 'next/server';`
app/compare/page.tsx(4,21): error TS7016: Could not find a declaration file for module 'next/dynamic'. 'D:/WORK-PROJECTS/pol-PA/node_modules/next/dynamic.js' implicitly has an 'any' type.
  Try `npm i --save-dev @types/next` if it exists or add a new declaration (.d.ts) file containing `declare module 'next/dynamic';`
app/layout.tsx(3,31): error TS7016: Could not find a declaration file for module 'next'. 'D:/WORK-PROJECTS/pol-PA/node_modules/next/dist/server/next.js' implicitly has an 'any' type.
  Try `npm i --save-dev @types/next` if it exists or add a new declaration (.d.ts) file containing `declare module 'next';`
app/layout.tsx(4,23): error TS7016: Could not find a declaration file for module 'next/font/google'. 'D:/WORK-PROJECTS/pol-PA/node_modules/next/font/google/index.js' implicitly has an 'any' type.
  Try `npm i --save-dev @types/next` if it exists or add a new declaration (.d.ts) file containing `declare module 'next/font/google';`
app/page.tsx(1,26): error TS7016: Could not find a declaration file for module 'next/navigation'. 'D:/WORK-PROJECTS/pol-PA/node_modules/next/navigation.js' implicitly has an 'any' type.
  Try `npm i --save-dev @types/next` if it exists or add a new declaration (.d.ts) file containing `declare module 'next/navigation';`
app/political-ai/page.tsx(7,21): error TS7016: Could not find a declaration file for module 'next/dynamic'. 'D:/WORK-PROJECTS/pol-PA/node_modules/next/dynamic.js' implicitly has an 'any' type.
  Try `npm i --save-dev @types/next` if it exists or add a new declaration (.d.ts) file containing `declare module 'next/dynamic';`
app/political-ai/page.tsx(75,42): error TS2503: Cannot find namespace '__esri'.
app/political-ai/page.tsx(106,46): error TS2503: Cannot find namespace '__esri'.
app/segments/page.tsx(4,21): error TS7016: Could not find a declaration file for module 'next/dynamic'. 'D:/WORK-PROJECTS/pol-PA/node_modules/next/dynamic.js' implicitly has an 'any' type.
  Try `npm i --save-dev @types/next` if it exists or add a new declaration (.d.ts) file containing `declare module 'next/dynamic';`
app/settings/page.tsx(150,5): error TS2322: Type '"canvassing"' is not assignable to type 'TourTheme'.
components/ai-native/AIPoliticalSessionHost.tsx(6,27): error TS7016: Could not find a declaration file for module 'next/navigation'. 'D:/WORK-PROJECTS/pol-PA/node_modules/next/navigation.js' implicitly has an 'any' type.
  Try `npm i --save-dev @types/next` if it exists or add a new declaration (.d.ts) file containing `declare module 'next/navigation';`
components/ai-native/UnifiedAIAssistant.tsx(14,27): error TS7016: Could not find a declaration file for module 'next/navigation'. 'D:/WORK-PROJECTS/pol-PA/node_modules/next/navigation.js' implicitly has an 'any' type.
  Try `npm i --save-dev @types/next` if it exists or add a new declaration (.d.ts) file containing `declare module 'next/navigation';`
components/comparison/ComparisonView.tsx(4,33): error TS7016: Could not find a declaration file for module 'next/navigation'. 'D:/WORK-PROJECTS/pol-PA/node_modules/next/navigation.js' implicitly has an 'any' type.
  Try `npm i --save-dev @types/next` if it exists or add a new declaration (.d.ts) file containing `declare module 'next/navigation';`
components/help/pageHelp.tsx(569,5): error TS2322: Type '"workflow-find-donors"' is not assignable to type 'TourTheme'.
components/help/pageHelp.tsx(580,5): error TS2322: Type '"workflow-plan-canvass"' is not assignable to type 'TourTheme'.
components/help/pageHelp.tsx(621,5): error TS2322: Type '"cross-tool-segment-to-canvass"' is not assignable to type 'TourTheme'.
components/help/pageHelp.tsx(626,5): error TS2322: Type '"cross-tool-analyze-to-donors"' is not assignable to type 'TourTheme'.
components/map/NumberedMarkerLayer.tsx(16,9): error TS2503: Cannot find namespace '__esri'.
components/map/NumberedMarkerLayer.tsx(30,27): error TS2709: Cannot use namespace 'GraphicsLayer' as a type.
components/map/PoliticalMapContainer.tsx(13,44): error TS7016: Could not find a declaration file for module 'next/navigation'. 'D:/WORK-PROJECTS/pol-PA/node_modules/next/navigation.js' implicitly has an 'any' type.
  Try `npm i --save-dev @types/next` if it exists or add a new declaration (.d.ts) file containing `declare module 'next/navigation';`
components/map/PoliticalMapContainer.tsx(60,43): error TS2503: Cannot find namespace '__esri'.
components/map/PoliticalMapContainer.tsx(72,49): error TS2503: Cannot find namespace '__esri'.
components/map/PoliticalMapContainer.tsx(72,62): error TS2503: Cannot find namespace '__esri'.
components/map/PoliticalMapContainer.tsx(73,67): error TS2503: Cannot find namespace '__esri'.
components/map/PoliticalMapContainer.tsx(76,13): error TS2503: Cannot find namespace '__esri'.
components/map/PoliticalMapContainer.tsx(77,8): error TS2503: Cannot find namespace '__esri'.
components/map/PoliticalMapContainer.tsx(105,54): error TS2503: Cannot find namespace '__esri'.
components/map/PoliticalMapContainer.tsx(160,24): error TS2503: Cannot find namespace '__esri'.
components/map/PoliticalMapContainer.tsx(168,9): error TS2503: Cannot find namespace '__esri'.
components/map/PoliticalMapContainer.tsx(247,49): error TS7006: Parameter 'id' implicitly has an 'any' type.
components/map/PoliticalMapContainer.tsx(659,86): error TS2709: Cannot use namespace 'GraphicsLayer' as a type.
components/map/PoliticalMapContainer.tsx(676,36): error TS2503: Cannot find namespace '__esri'.
components/map/PoliticalMapContainer.tsx(733,58): error TS2503: Cannot find namespace '__esri'.
components/map/PoliticalMapContainer.tsx(1522,66): error TS2503: Cannot find namespace '__esri'.
components/map/PoliticalMapContainer.tsx(1524,59): error TS7006: Parameter 'f' implicitly has an 'any' type.
components/map/UploadedLayerRenderer.tsx(14,9): error TS2503: Cannot find namespace '__esri'.
components/map/UploadedLayerRenderer.tsx(22,42): error TS2503: Cannot find namespace '__esri'.
components/navigation/AppNavigation.tsx(4,18): error TS7016: Could not find a declaration file for module 'next/link'. 'D:/WORK-PROJECTS/pol-PA/node_modules/next/link.js' implicitly has an 'any' type.
  Try `npm i --save-dev @types/next` if it exists or add a new declaration (.d.ts) file containing `declare module 'next/link';`
components/navigation/AppNavigation.tsx(5,29): error TS7016: Could not find a declaration file for module 'next/navigation'. 'D:/WORK-PROJECTS/pol-PA/node_modules/next/navigation.js' implicitly has an 'any' type.
  Try `npm i --save-dev @types/next` if it exists or add a new declaration (.d.ts) file containing `declare module 'next/navigation';`
components/navigation/AppNavigation.tsx(7,19): error TS7016: Could not find a declaration file for module 'next/image'. 'D:/WORK-PROJECTS/pol-PA/node_modules/next/image.js' implicitly has an 'any' type.
  Try `npm i --save-dev @types/next` if it exists or add a new declaration (.d.ts) file containing `declare module 'next/image';`
components/political-analysis/BivariateChoroplethLayer.tsx(172,9): error TS2503: Cannot find namespace '__esri'.
components/political-analysis/BivariateChoroplethLayer.tsx(378,27): error TS2709: Cannot use namespace 'GeoJSONLayer' as a type.
components/political-analysis/BivariateChoroplethLayer.tsx(379,34): error TS2304: Cannot find name 'IHandle'.
components/political-analysis/BivariateChoroplethLayer.tsx(380,34): error TS2304: Cannot find name 'IHandle'.
components/political-analysis/BivariateChoroplethLayer.tsx(667,61): error TS7006: Parameter 'event' implicitly has an 'any' type.
components/political-analysis/BivariateChoroplethLayer.tsx(671,18): error TS7006: Parameter 'result' implicitly has an 'any' type.
components/political-analysis/BivariateChoroplethLayer.tsx(672,31): error TS2503: Cannot find namespace '__esri'.
components/political-analysis/BivariateChoroplethLayer.tsx(693,68): error TS7006: Parameter 'event' implicitly has an 'any' type.
components/political-analysis/BivariateChoroplethLayer.tsx(697,18): error TS7006: Parameter 'result' implicitly has an 'any' type.
components/political-analysis/BivariateChoroplethLayer.tsx(698,31): error TS2503: Cannot find namespace '__esri'.
components/political-analysis/BoundaryMapLayer.tsx(25,9): error TS2503: Cannot find namespace '__esri'.
components/political-analysis/BoundaryMapLayer.tsx(45,27): error TS2709: Cannot use namespace 'GeoJSONLayer' as a type.
components/political-analysis/BoundaryMapLayer.tsx(46,31): error TS2503: Cannot find namespace '__esri'.
components/political-analysis/BoundaryMapLayer.tsx(47,34): error TS2304: Cannot find name 'IHandle'.
components/political-analysis/BoundaryMapLayer.tsx(48,34): error TS2304: Cannot find name 'IHandle'.
components/political-analysis/BoundaryMapLayer.tsx(221,59): error TS7006: Parameter 'event' implicitly has an 'any' type.
components/political-analysis/BoundaryMapLayer.tsx(224,14): error TS7006: Parameter 'result' implicitly has an 'any' type.
components/political-analysis/BoundaryMapLayer.tsx(225,27): error TS2503: Cannot find namespace '__esri'.
components/political-analysis/BoundaryMapLayer.tsx(237,66): error TS7006: Parameter 'event' implicitly has an 'any' type.
components/political-analysis/BoundaryMapLayer.tsx(240,14): error TS7006: Parameter 'result' implicitly has an 'any' type.
components/political-analysis/BoundaryMapLayer.tsx(241,27): error TS2503: Cannot find namespace '__esri'.
components/political-analysis/BoundaryMapLayer.tsx(289,53): error TS7006: Parameter 'g' implicitly has an 'any' type.
components/political-analysis/BoundaryMapLayer.tsx(312,34): error TS7006: Parameter 'feature' implicitly has an 'any' type.
components/political-analysis/BoundaryMapLayer.tsx(330,36): error TS7006: Parameter 'f' implicitly has an 'any' type.
components/political-analysis/H3HeatmapLayer.tsx(29,9): error TS2503: Cannot find namespace '__esri'.
components/political-analysis/H3HeatmapLayer.tsx(148,27): error TS2709: Cannot use namespace 'GeoJSONLayer' as a type.
components/political-analysis/H3HeatmapLayer.tsx(149,34): error TS2304: Cannot find name 'IHandle'.
components/political-analysis/H3HeatmapLayer.tsx(150,34): error TS2304: Cannot find name 'IHandle'.
components/political-analysis/H3HeatmapLayer.tsx(193,66): error TS2709: Cannot use namespace 'PopupTemplate' as a type.
components/political-analysis/H3HeatmapLayer.tsx(404,55): error TS7006: Parameter 'event' implicitly has an 'any' type.
components/political-analysis/H3HeatmapLayer.tsx(414,12): error TS7006: Parameter 'result' implicitly has an 'any' type.
components/political-analysis/H3HeatmapLayer.tsx(415,25): error TS2503: Cannot find namespace '__esri'.
components/political-analysis/H3HeatmapLayer.tsx(442,62): error TS7006: Parameter 'event' implicitly has an 'any' type.
components/political-analysis/H3HeatmapLayer.tsx(445,10): error TS7006: Parameter 'result' implicitly has an 'any' type.
components/political-analysis/H3HeatmapLayer.tsx(446,23): error TS2503: Cannot find namespace '__esri'.
components/political-analysis/PoliticalAnalysisPanel.tsx(10,19): error TS7016: Could not find a declaration file for module 'next/image'. 'D:/WORK-PROJECTS/pol-PA/node_modules/next/image.js' implicitly has an 'any' type.
  Try `npm i --save-dev @types/next` if it exists or add a new declaration (.d.ts) file containing `declare module 'next/image';`
components/political-analysis/PoliticalAnalysisPanel.tsx(189,9): error TS2503: Cannot find namespace '__esri'.
components/political-analysis/PoliticalAnalysisPanel.tsx(231,4): error TS2503: Cannot find namespace '__esri'.
components/political-analysis/PoliticalAnalysisPanel.tsx(304,12): error TS2503: Cannot find namespace '__esri'.
components/political-analysis/PoliticalAnalysisPanel.tsx(309,60): error TS2503: Cannot find namespace '__esri'.
components/political-analysis/PoliticalAnalysisPanel.tsx(315,12): error TS2503: Cannot find namespace '__esri'.
components/political-analysis/PoliticalAnalysisPanel.tsx(323,78): error TS2503: Cannot find namespace '__esri'.
components/political-analysis/PoliticalAnalysisPanel.tsx(337,12): error TS2503: Cannot find namespace '__esri'.
components/political-analysis/PoliticalAnalysisPanel.tsx(357,83): error TS2503: Cannot find namespace '__esri'.
components/political-analysis/PoliticalAnalysisPanel.tsx(644,19): error TS2503: Cannot find namespace '__esri'.
components/political-analysis/PoliticalAnalysisPanel.tsx(715,35): error TS2503: Cannot find namespace '__esri'.
components/political-analysis/PoliticalAnalysisPanel.tsx(761,37): error TS2503: Cannot find namespace '__esri'.
components/political-analysis/PoliticalAnalysisPanel.tsx(772,35): error TS2503: Cannot find namespace '__esri'.
components/political-analysis/PoliticalAnalysisPanel.tsx(1508,25): error TS2353: Object literal may only specify known properties, and 'metric' does not exist in type '{ precinctNames?: string[] | undefined; areaName?: string | undefined; analysisType?: string | undefined; result?: any; query?: string | undefined; category?: string | undefined; visualType?: string | undefined; }'.
components/political-analysis/PoliticalAreaSelector.tsx(65,9): error TS2503: Cannot find namespace '__esri'.
components/political-analysis/PoliticalAreaSelector.tsx(146,52): error TS2503: Cannot find namespace '__esri'.
components/political-analysis/PoliticalAreaSelector.tsx(150,56): error TS2503: Cannot find namespace '__esri'.
components/political-analysis/PoliticalAreaSelector.tsx(153,54): error TS2503: Cannot find namespace '__esri'.
components/political-analysis/PoliticalAreaSelector.tsx(161,72): error TS2503: Cannot find namespace '__esri'.
components/political-analysis/PoliticalAreaSelector.tsx(185,39): error TS2503: Cannot find namespace '__esri'.
components/political-analysis/PoliticalAreaSelector.tsx(306,15): error TS2322: Type '({ id: string; name: string; displayName: string; geometry: Geometry; properties: { demographics: { totalPopulation: number; population18up: number; registeredVoters?: number | undefined; ... 5 more ...; populationDensity?: number | undefined; }; political: { ...; }; electoral: { ...; }; targeting: { ...; }; }; part...' is not assignable to type 'BoundaryFeature[]'.
  Type '{ id: string; name: string; displayName: string; geometry: Geometry; properties: { demographics: { totalPopulation: number; population18up: number; registeredVoters?: number | undefined; ... 5 more ...; populationDensity?: number | undefined; }; political: { ...; }; electoral: { ...; }; targeting: { ...; }; }; parti...' is not assignable to type 'BoundaryFeature'.
    Type 'null' is not assignable to type 'BoundaryFeature'.
components/political-analysis/PoliticalAreaSelector.tsx(325,29): error TS2677: A type predicate's type must be assignable to its parameter's type.
  Type 'BoundaryFeature' is not assignable to type '{ id: string; name: string; displayName: string; geometry: Geometry; properties: { demographics: { totalPopulation: number; population18up: number; registeredVoters?: number; medianAge?: number; ... 4 more ...; populationDensity?: number; }; political: { ...; }; electoral: { ...; }; targeting: { ...; }; }; partisanL...'.
    Types of property 'properties' are incompatible.
      Type 'Record<string, unknown>' is missing the following properties from type '{ demographics: { totalPopulation: number; population18up: number; registeredVoters?: number | undefined; medianAge?: number | undefined; medianHHI: number; collegePct: number; homeownerPct?: number | undefined; diversityIndex: number; populationDensity?: number | undefined; }; political: { ...; }; electoral: { ...;...': demographics, political, electoral, targeting
components/political-analysis/PoliticalAreaSelector.tsx(363,44): error TS7006: Parameter 'event' implicitly has an 'any' type.
components/political-analysis/PoliticalAreaSelector.tsx(367,46): error TS7006: Parameter 'layer' implicitly has an 'any' type.
components/political-analysis/PoliticalAreaSelector.tsx(379,42): error TS2503: Cannot find namespace '__esri'.
components/political-analysis/PoliticalAreaSelector.tsx(382,69): error TS2503: Cannot find namespace '__esri'.
components/political-analysis/PoliticalAreaSelector.tsx(403,78): error TS2503: Cannot find namespace '__esri'.
components/political-analysis/PoliticalAreaSelector.tsx(642,79): error TS2709: Cannot use namespace 'Point' as a type.
components/political-analysis/PoliticalAreaSelector.tsx(1530,44): error TS2503: Cannot find namespace '__esri'.
components/political-analysis/PoliticalAreaSelector.tsx(1538,12): error TS2503: Cannot find namespace '__esri'.
components/political-analysis/PoliticalAreaSelector.tsx(1540,81): error TS2503: Cannot find namespace '__esri'.
components/political-analysis/PoliticalAreaSelector.tsx(1544,28): error TS2503: Cannot find namespace '__esri'.
components/political-analysis/PoliticalAreaSelector.tsx(1546,46): error TS7006: Parameter 'ring' implicitly has an 'any' type.
components/political-analysis/PoliticalAreaSelector.tsx(1547,19): error TS7006: Parameter 'coord' implicitly has an 'any' type.
components/political-analysis/PoliticalAreaSelector.tsx(1555,26): error TS2503: Cannot find namespace '__esri'.
components/political-analysis/PrecinctChoroplethLayer.tsx(332,9): error TS2503: Cannot find namespace '__esri'.
components/political-analysis/PrecinctChoroplethLayer.tsx(371,27): error TS2709: Cannot use namespace 'GeoJSONLayer' as a type.
components/political-analysis/PrecinctChoroplethLayer.tsx(372,34): error TS2304: Cannot find name 'IHandle'.
components/political-analysis/PrecinctChoroplethLayer.tsx(373,34): error TS2304: Cannot find name 'IHandle'.
components/political-analysis/PrecinctChoroplethLayer.tsx(374,31): error TS2503: Cannot find namespace '__esri'.
components/political-analysis/PrecinctChoroplethLayer.tsx(375,38): error TS2503: Cannot find namespace '__esri'.
components/political-analysis/PrecinctChoroplethLayer.tsx(910,61): error TS7006: Parameter 'event' implicitly has an 'any' type.
components/political-analysis/PrecinctChoroplethLayer.tsx(923,18): error TS7006: Parameter 'result' implicitly has an 'any' type.
components/political-analysis/PrecinctChoroplethLayer.tsx(924,31): error TS2503: Cannot find namespace '__esri'.
components/political-analysis/PrecinctChoroplethLayer.tsx(953,68): error TS7006: Parameter 'event' implicitly has an 'any' type.
components/political-analysis/PrecinctChoroplethLayer.tsx(960,18): error TS7006: Parameter 'result' implicitly has an 'any' type.
components/political-analysis/PrecinctChoroplethLayer.tsx(961,31): error TS2503: Cannot find namespace '__esri'.
components/political-analysis/ProportionalSymbolLayer.tsx(180,9): error TS2503: Cannot find namespace '__esri'.
components/political-analysis/ProportionalSymbolLayer.tsx(302,27): error TS2709: Cannot use namespace 'GraphicsLayer' as a type.
components/political-analysis/ProportionalSymbolLayer.tsx(303,34): error TS2304: Cannot find name 'IHandle'.
components/political-analysis/ProportionalSymbolLayer.tsx(304,34): error TS2304: Cannot find name 'IHandle'.
components/political-analysis/ProportionalSymbolLayer.tsx(542,61): error TS7006: Parameter 'event' implicitly has an 'any' type.
components/political-analysis/ProportionalSymbolLayer.tsx(546,18): error TS7006: Parameter 'result' implicitly has an 'any' type.
components/political-analysis/ProportionalSymbolLayer.tsx(547,31): error TS2503: Cannot find namespace '__esri'.
components/political-analysis/ProportionalSymbolLayer.tsx(568,68): error TS7006: Parameter 'event' implicitly has an 'any' type.
components/political-analysis/ProportionalSymbolLayer.tsx(572,18): error TS7006: Parameter 'result' implicitly has an 'any' type.
components/political-analysis/ProportionalSymbolLayer.tsx(573,31): error TS2503: Cannot find namespace '__esri'.
components/political-analysis/ValueByAlphaLayer.tsx(181,9): error TS2503: Cannot find namespace '__esri'.
components/political-analysis/ValueByAlphaLayer.tsx(298,4): error TS2709: Cannot use namespace 'ClassBreaksRenderer' as a type.
components/political-analysis/ValueByAlphaLayer.tsx(411,27): error TS2709: Cannot use namespace 'GeoJSONLayer' as a type.
components/political-analysis/ValueByAlphaLayer.tsx(412,34): error TS2304: Cannot find name 'IHandle'.
components/political-analysis/ValueByAlphaLayer.tsx(413,34): error TS2304: Cannot find name 'IHandle'.
components/political-analysis/ValueByAlphaLayer.tsx(686,61): error TS7006: Parameter 'event' implicitly has an 'any' type.
components/political-analysis/ValueByAlphaLayer.tsx(690,18): error TS7006: Parameter 'result' implicitly has an 'any' type.
components/political-analysis/ValueByAlphaLayer.tsx(691,31): error TS2503: Cannot find namespace '__esri'.
components/political-analysis/ValueByAlphaLayer.tsx(709,68): error TS7006: Parameter 'event' implicitly has an 'any' type.
components/political-analysis/ValueByAlphaLayer.tsx(713,18): error TS7006: Parameter 'result' implicitly has an 'any' type.
components/political-analysis/ValueByAlphaLayer.tsx(714,31): error TS2503: Cannot find namespace '__esri'.
components/segmentation/SegmentBuilder.tsx(74,27): error TS7016: Could not find a declaration file for module 'next/navigation'. 'D:/WORK-PROJECTS/pol-PA/node_modules/next/navigation.js' implicitly has an 'any' type.
  Try `npm i --save-dev @types/next` if it exists or add a new declaration (.d.ts) file containing `declare module 'next/navigation';`
components/segmentation/SegmentBuilder.tsx(75,18): error TS7016: Could not find a declaration file for module 'next/link'. 'D:/WORK-PROJECTS/pol-PA/node_modules/next/link.js' implicitly has an 'any' type.
  Try `npm i --save-dev @types/next` if it exists or add a new declaration (.d.ts) file containing `declare module 'next/link';`
components/segmentation/SegmentResults.tsx(4,27): error TS7016: Could not find a declaration file for module 'next/navigation'. 'D:/WORK-PROJECTS/pol-PA/node_modules/next/navigation.js' implicitly has an 'any' type.
  Try `npm i --save-dev @types/next` if it exists or add a new declaration (.d.ts) file containing `declare module 'next/navigation';`
components/tour/GuidedTour.tsx(4,27): error TS7016: Could not find a declaration file for module 'next/navigation'. 'D:/WORK-PROJECTS/pol-PA/node_modules/next/navigation.js' implicitly has an 'any' type.
  Try `npm i --save-dev @types/next` if it exists or add a new declaration (.d.ts) file containing `declare module 'next/navigation';`
components/ui/breadcrumbs.tsx(5,18): error TS7016: Could not find a declaration file for module 'next/link'. 'D:/WORK-PROJECTS/pol-PA/node_modules/next/link.js' implicitly has an 'any' type.
  Try `npm i --save-dev @types/next` if it exists or add a new declaration (.d.ts) file containing `declare module 'next/link';`
components/ui/slider.tsx(108,25): error TS7006: Parameter 'e' implicitly has an 'any' type.
components/ui/slider.tsx(122,25): error TS7006: Parameter 'e' implicitly has an 'any' type.
hooks/useDrawing.ts(59,34): error TS2503: Cannot find namespace '__esri'.
hooks/useDrawing.ts(64,19): error TS2503: Cannot find namespace '__esri'.
hooks/useDrawing.ts(68,9): error TS2503: Cannot find namespace '__esri'.
hooks/useDrawing.ts(71,34): error TS2503: Cannot find namespace '__esri'.
hooks/useDrawing.ts(77,21): error TS2503: Cannot find namespace '__esri'.
hooks/useDrawing.ts(78,24): error TS2503: Cannot find namespace '__esri'.
hooks/useDrawing.ts(98,34): error TS2304: Cannot find name 'IHandle'.
hooks/useDrawing.ts(99,33): error TS2304: Cannot find name 'IHandle'.
hooks/useDrawing.ts(100,28): error TS2503: Cannot find namespace '__esri'.
hooks/useDrawing.ts(101,33): error TS2503: Cannot find namespace '__esri'.
hooks/useDrawing.ts(102,31): error TS2503: Cannot find namespace '__esri'.
hooks/useDrawing.ts(103,38): error TS2503: Cannot find namespace '__esri'.
hooks/useDrawing.ts(104,36): error TS2503: Cannot find namespace '__esri'.
hooks/useDrawing.ts(105,34): error TS2503: Cannot find namespace '__esri'.
hooks/useDrawing.ts(106,35): error TS2503: Cannot find namespace '__esri'.
hooks/useDrawing.ts(121,52): error TS2503: Cannot find namespace '__esri'.
hooks/useDrawing.ts(122,56): error TS2503: Cannot find namespace '__esri'.
hooks/useDrawing.ts(123,60): error TS2503: Cannot find namespace '__esri'.
hooks/useDrawing.ts(203,56): error TS2503: Cannot find namespace '__esri'.
hooks/useDrawing.ts(242,56): error TS2503: Cannot find namespace '__esri'.
hooks/useDrawing.ts(248,50): error TS7006: Parameter 'event' implicitly has an 'any' type.
hooks/useDrawing.ts(355,54): error TS2503: Cannot find namespace '__esri'.
hooks/useDrawing.ts(374,61): error TS2503: Cannot find namespace '__esri'.
hooks/useDrawing.ts(374,83): error TS2503: Cannot find namespace '__esri'.
hooks/useDrawing.ts(392,15): error TS7006: Parameter 'result' implicitly has an 'any' type.
hooks/useDrawing.ts(393,12): error TS7006: Parameter 'result' implicitly has an 'any' type.
hooks/useDrawing.ts(393,44): error TS2503: Cannot find namespace '__esri'.
hooks/useDrawing.ts(394,15): error TS7006: Parameter 'graphic' implicitly has an 'any' type.
hooks/useDrawing.ts(416,74): error TS2503: Cannot find namespace '__esri'.
hooks/useDrawing.ts(525,58): error TS2503: Cannot find namespace '__esri'.
hooks/useDrawing.ts(542,58): error TS2503: Cannot find namespace '__esri'.
hooks/useKeyboardShortcuts.ts(2,27): error TS7016: Could not find a declaration file for module 'next/navigation'. 'D:/WORK-PROJECTS/pol-PA/node_modules/next/navigation.js' implicitly has an 'any' type.
  Try `npm i --save-dev @types/next` if it exists or add a new declaration (.d.ts) file containing `declare module 'next/navigation';`
lib/ai-native/handlers/SegmentationHandler.ts(1093,7): error TS2304: Cannot find name 'hasTurnoutFilter'.
lib/ai-native/hooks/useToolUrlParams.ts(8,57): error TS7016: Could not find a declaration file for module 'next/navigation'. 'D:/WORK-PROJECTS/pol-PA/node_modules/next/navigation.js' implicitly has an 'any' type.
  Try `npm i --save-dev @types/next` if it exists or add a new declaration (.d.ts) file containing `declare module 'next/navigation';`
lib/ai/spatial/SpatialReasoningEngine.ts(16,34): error TS2307: Cannot find module '@/lib/canvassing/types' or its corresponding type declarations.
lib/ai/spatial/types.ts(8,34): error TS2307: Cannot find module '@/lib/canvassing/types' or its corresponding type declarations.
lib/ai/workflowHandlers.ts(2587,20): error TS2367: This comparison appears to be unintentional because the types 'ToolType' and '"donors"' have no overlap.
lib/ai/workflowHandlers.ts(2622,49): error TS2367: This comparison appears to be unintentional because the types 'ToolType' and '"canvass"' have no overlap.
lib/analysis/EnhancedQueryAnalyzer.ts(12,66): error TS2307: Cannot find module '../migration/templates/FieldMappingTemplate' or its corresponding type declarations.
lib/analysis/EnhancedQueryAnalyzer.ts(177,60): error TS7006: Parameter 'kw' implicitly has an 'any' type.
lib/analysis/EnhancedQueryAnalyzer.ts(186,60): error TS7006: Parameter 'kw' implicitly has an 'any' type.
lib/analysis/EnhancedQueryAnalyzer.ts(195,53): error TS7006: Parameter 'term' implicitly has an 'any' type.
lib/analysis/EnhancedQueryAnalyzer.ts(252,33): error TS7006: Parameter 'kw' implicitly has an 'any' type.
lib/analysis/EnhancedQueryAnalyzer.ts(373,33): error TS7006: Parameter 'kw' implicitly has an 'any' type.
lib/analysis/EnhancedQueryAnalyzer.ts(374,32): error TS7006: Parameter 'field' implicitly has an 'any' type.
lib/analysis/index.ts(2,32): error TS2307: Cannot find module './AnalysisEngine' or its corresponding type declarations.
lib/analysis/index.ts(4,39): error TS2307: Cannot find module './VisualizationRenderer' or its corresponding type declarations.
lib/analysis/index.ts(10,45): error TS2307: Cannot find module './MultiEndpointAnalysisEngine' or its corresponding type declarations.
lib/analysis/index.ts(11,80): error TS2307: Cannot find module './MultiEndpointAnalysisEngine' or its corresponding type declarations.
lib/analysis/PropertyEnricher.ts(11,34): error TS2307: Cannot find module '@/components/cma/types' or its corresponding type declarations.
lib/analysis/PropertyEnricher.ts(64,41): error TS2503: Cannot find namespace '__esri'.
lib/analysis/strategies/processors/CustomerProfileProcessor.ts(875,72): error TS2709: Cannot use namespace 'Extent' as a type.
lib/analysis/strategies/renderers/effects/AmbientParticleSystem.ts(48,20): error TS2503: Cannot find namespace '__esri'.
lib/analysis/strategies/renderers/effects/AmbientParticleSystem.ts(83,23): error TS2503: Cannot find namespace '__esri'.
lib/analysis/strategies/renderers/effects/EffectsManager.ts(41,20): error TS2503: Cannot find namespace '__esri'.
lib/analysis/strategies/renderers/effects/EffectsManager.ts(52,25): error TS2503: Cannot find namespace '__esri'.
lib/analysis/strategies/renderers/effects/EffectsManager.ts(71,29): error TS2503: Cannot find namespace '__esri'.
lib/analysis/strategies/renderers/effects/EffectsManager.ts(114,12): error TS2503: Cannot find namespace '__esri'.
lib/analysis/strategies/renderers/effects/EffectsManager.ts(178,41): error TS2503: Cannot find namespace '__esri'.
lib/analysis/strategies/renderers/effects/EffectsManager.ts(194,42): error TS2503: Cannot find namespace '__esri'.
lib/analysis/strategies/renderers/effects/EffectsManager.ts(219,41): error TS2503: Cannot find namespace '__esri'.
lib/analysis/strategies/renderers/effects/EffectsManager.ts(238,49): error TS2503: Cannot find namespace '__esri'.
lib/analysis/strategies/renderers/effects/EffectsManager.ts(249,48): error TS2503: Cannot find namespace '__esri'.
lib/analysis/strategies/renderers/effects/EffectsManager.ts(260,39): error TS2503: Cannot find namespace '__esri'.
lib/analysis/strategies/renderers/effects/FireflyEffect.ts(48,20): error TS2503: Cannot find namespace '__esri'.
lib/analysis/strategies/renderers/effects/FireflyEffect.ts(72,23): error TS2503: Cannot find namespace '__esri'.
lib/analysis/strategies/renderers/effects/GradientSystem.ts(45,20): error TS2503: Cannot find namespace '__esri'.
lib/analysis/strategies/renderers/effects/GradientSystem.ts(62,23): error TS2503: Cannot find namespace '__esri'.
lib/analysis/strategies/renderers/effects/HoverAnimationSystem.ts(71,20): error TS2503: Cannot find namespace '__esri'.
lib/analysis/strategies/renderers/effects/HoverAnimationSystem.ts(82,20): error TS2503: Cannot find namespace '__esri'.
lib/analysis/strategies/renderers/effects/HoverAnimationSystem.ts(122,23): error TS2503: Cannot find namespace '__esri'.
lib/analysis/strategies/renderers/effects/HoverAnimationSystem.ts(165,38): error TS7006: Parameter 'event' implicitly has an 'any' type.
lib/analysis/strategies/renderers/effects/HoverAnimationSystem.ts(170,31): error TS7006: Parameter 'event' implicitly has an 'any' type.
lib/analysis/strategies/renderers/effects/HoverAnimationSystem.ts(184,42): error TS2503: Cannot find namespace '__esri'.
lib/analysis/strategies/renderers/effects/HoverAnimationSystem.ts(193,54): error TS7006: Parameter 'result' implicitly has an 'any' type.
lib/analysis/strategies/renderers/effects/HoverAnimationSystem.ts(217,30): error TS2503: Cannot find namespace '__esri'.
lib/analysis/strategies/renderers/effects/HoverAnimationSystem.ts(226,31): error TS2503: Cannot find namespace '__esri'.
lib/analysis/strategies/renderers/effects/HoverAnimationSystem.ts(253,29): error TS2503: Cannot find namespace '__esri'.
lib/analysis/strategies/renderers/effects/HoverAnimationSystem.ts(274,36): error TS2503: Cannot find namespace '__esri'.
lib/analysis/strategies/renderers/effects/HoverAnimationSystem.ts(463,33): error TS2503: Cannot find namespace '__esri'.
lib/analysis/types.ts(5,31): error TS2307: Cannot find module '@/lib/clustering/types' or its corresponding type declarations.
lib/analysis/types.ts(6,104): error TS2307: Cannot find module '@/components/filtering/types' or its corresponding type declarations.
lib/analysis/types.ts(175,12): error TS2503: Cannot find namespace '__esri'.
lib/canvassing/CanvassingStore copy.ts(8,41): error TS2307: Cannot find module './types' or its corresponding type declarations.
lib/cma/PropertyTypeValidator.ts(15,34): error TS2307: Cannot find module '@/components/cma/types' or its corresponding type declarations.
lib/export/CanvassExporter.ts(19,8): error TS2307: Cannot find module '@/lib/canvassing/types' or its corresponding type declarations.
lib/export/CanvassExporter.ts(275,15): error TS7006: Parameter 'p' implicitly has an 'any' type.
lib/export/VANExporter.ts(20,61): error TS2307: Cannot find module '@/lib/canvassing/types' or its corresponding type declarations.
lib/export/VANExporter.ts(104,44): error TS7006: Parameter 'precinct' implicitly has an 'any' type.
lib/map/geojsonUtils.ts(24,4): error TS2503: Cannot find namespace '__esri'.
lib/map/geojsonUtils.ts(25,19): error TS2503: Cannot find namespace '__esri'.
lib/map/geojsonUtils.ts(40,54): error TS2503: Cannot find namespace '__esri'.
lib/map/geojsonUtils.ts(65,4): error TS2503: Cannot find namespace '__esri'.
lib/map/geojsonUtils.ts(109,48): error TS2503: Cannot find namespace '__esri'.
lib/map/geojsonUtils.ts(120,58): error TS2503: Cannot find namespace '__esri'.
lib/map/geojsonUtils.ts(132,4): error TS2503: Cannot find namespace '__esri'.
lib/map/geojsonUtils.ts(142,52): error TS2503: Cannot find namespace '__esri'.
lib/map/geojsonUtils.ts(152,62): error TS2503: Cannot find namespace '__esri'.
lib/map/geojsonUtils.ts(164,59): error TS2503: Cannot find namespace '__esri'.
lib/map/mapActions.ts(8,26): error TS2503: Cannot find namespace '__esri'.
lib/map/mapActions.ts(9,26): error TS2503: Cannot find namespace '__esri'.
lib/map/mapActions.ts(10,17): error TS2709: Cannot use namespace 'MapView' as a type.
lib/map/mapActions.ts(11,27): error TS2503: Cannot find namespace '__esri'.
lib/map/mapActions.ts(13,21): error TS2709: Cannot use namespace 'MapView' as a type.
lib/map/mapActions.ts(15,31): error TS2304: Cannot find name '__esri'.
lib/map/mapActions.ts(22,37): error TS2503: Cannot find namespace '__esri'.
lib/map/mapActions.ts(72,42): error TS7006: Parameter 'graphic' implicitly has an 'any' type.
lib/map/mapActions.ts(73,40): error TS2503: Cannot find namespace '__esri'.
lib/pdf/CMAReportPDFGenerator.ts(4,66): error TS2307: Cannot find module '@/components/cma/types' or its corresponding type declarations.
lib/pdf/CMAReportPDFGenerator.ts(55,22): error TS2503: Cannot find namespace '__esri'.
lib/pdf/components/ComparablesTable.tsx(2,29): error TS2307: Cannot find module '@/components/cma/types' or its corresponding type declarations.
lib/pdf/data/extractors.ts(17,46): error TS2307: Cannot find module '@/components/cma/types' or its corresponding type declarations.
lib/pdf/data/extractors.ts(18,39): error TS2307: Cannot find module '@/components/cma/types' or its corresponding type declarations.
lib/pdf/data/extractors.ts(22,32): error TS2307: Cannot find module '../../../components/cma/services/CMADataService' or its corresponding type declarations.
lib/pdf/RevenuePropertyPDFGenerator.ts(14,34): error TS2307: Cannot find module '@/components/cma/types' or its corresponding type declarations.
lib/services/CompositeIndexLayerService.ts(21,30): error TS2503: Cannot find namespace '__esri'.
lib/services/CompositeIndexLayerService.ts(23,34): error TS2503: Cannot find namespace '__esri'.
lib/services/CompositeIndexLayerService.ts(33,14): error TS2503: Cannot find namespace '__esri'.
lib/services/CompositeIndexLayerService.ts(133,57): error TS7006: Parameter 'f' implicitly has an 'any' type.
lib/services/CompositeIndexLayerService.ts(156,33): error TS7006: Parameter 'feature' implicitly has an 'any' type.
lib/services/CompositeIndexLayerService.ts(156,42): error TS7006: Parameter 'index' implicitly has an 'any' type.
lib/services/CompositeIndexLayerService.ts(194,14): error TS2503: Cannot find namespace '__esri'.
lib/services/CompositeIndexLayerService.ts(196,21): error TS2503: Cannot find namespace '__esri'.
lib/services/CompositeIndexLayerService.ts(220,69): error TS2503: Cannot find namespace '__esri'.
lib/services/CompositeIndexLayerService.ts(306,50): error TS2503: Cannot find namespace '__esri'.
lib/services/DemographicDataService.ts(66,44): error TS2503: Cannot find namespace '__esri'.
lib/services/EndpointScoringService.ts(163,36): error TS2503: Cannot find namespace '__esri'.
lib/services/EndpointScoringService.ts(191,66): error TS2503: Cannot find namespace '__esri'.
lib/services/EndpointScoringService.ts(226,52): error TS2503: Cannot find namespace '__esri'.
lib/services/EndpointScoringService.ts(591,63): error TS2503: Cannot find namespace '__esri'.
lib/services/EndpointScoringService.ts(630,52): error TS2503: Cannot find namespace '__esri'.
lib/services/EndpointScoringService.ts(632,52): error TS2503: Cannot find namespace '__esri'.
lib/services/EndpointScoringService.ts(712,37): error TS2503: Cannot find namespace '__esri'.
lib/services/ServerPropertyLoader.ts(9,57): error TS2307: Cannot find module '@/components/cma/types' or its corresponding type declarations.
lib/spatial/PropertyQueryService.ts(11,19): error TS2503: Cannot find namespace '__esri'.
lib/spatial/PropertyQueryService.ts(18,15): error TS2503: Cannot find namespace '__esri'.
lib/spatial/PropertyQueryService.ts(20,11): error TS2709: Cannot use namespace 'FeatureLayer' as a type.
lib/spatial/PropertyQueryService.ts(25,26): error TS2709: Cannot use namespace 'FeatureLayer' as a type.
lib/spatial/PropertyQueryService.ts(73,60): error TS7006: Parameter 'feature' implicitly has an 'any' type.
lib/spatial/PropertyQueryService.ts(131,26): error TS2709: Cannot use namespace 'FeatureLayer' as a type.
lib/spatial/PropertyQueryService.ts(178,11): error TS2503: Cannot find namespace '__esri'.
lib/spatial/PropertyQueryService.ts(179,17): error TS2503: Cannot find namespace '__esri'.
lib/spatial/PropertyQueryService.ts(181,14): error TS2503: Cannot find namespace '__esri'.
lib/spatial/PropertyQueryService.ts(185,54): error TS7006: Parameter 'layer' implicitly has an 'any' type.
lib/spatial/PropertyQueryService.ts(187,10): error TS2503: Cannot find namespace '__esri'.
lib/spatial/PropertyQueryService.ts(211,39): error TS2503: Cannot find namespace '__esri'.
lib/spatial/PropertyQueryService.ts(212,48): error TS7006: Parameter 'layer' implicitly has an 'any' type.
lib/spatial/PropertyQueryService.ts(214,10): error TS2503: Cannot find namespace '__esri'.
lib/spatial/PropertyQueryService.ts(224,44): error TS2503: Cannot find namespace '__esri'.
lib/spatial/SpatialFilterService.ts(37,15): error TS2503: Cannot find namespace '__esri'.
lib/spatial/SpatialFilterService.ts(95,91): error TS2503: Cannot find namespace '__esri'.
lib/spatial/SpatialFilterService.ts(184,45): error TS2503: Cannot find namespace '__esri'.
lib/spatial/SpatialFilterService.ts(200,37): error TS2503: Cannot find namespace '__esri'.
lib/spatial/SpatialFilterService.ts(203,35): error TS2503: Cannot find namespace '__esri'.
lib/spatial/SpatialFilterService.ts(214,11): error TS2503: Cannot find namespace '__esri'.
lib/spatial/SpatialFilterService.ts(215,15): error TS2503: Cannot find namespace '__esri'.
lib/spatial/SpatialFilterService.ts(233,38): error TS7006: Parameter 'l' implicitly has an 'any' type.
lib/spatial/SpatialFilterService.ts(233,64): error TS2503: Cannot find namespace '__esri'.
lib/spatial/SpatialFilterService.ts(290,89): error TS2503: Cannot find namespace '__esri'.
lib/spatial/SpatialFilterService.ts(332,44): error TS7006: Parameter 'f' implicitly has an 'any' type.
lib/styling/animations/styling-animation.ts(31,24): error TS2503: Cannot find namespace '__esri'.
lib/styling/animations/styling-animation.ts(92,35): error TS2503: Cannot find namespace '__esri'.
lib/styling/animations/styling-animation.ts(273,37): error TS2503: Cannot find namespace '__esri'.
lib/styling/animations/styling-animation.ts(289,65): error TS2503: Cannot find namespace '__esri'.
lib/styling/enhanced-styling-manager.ts(23,20): error TS2503: Cannot find namespace '__esri'.
lib/styling/enhanced-styling-manager.ts(34,29): error TS2503: Cannot find namespace '__esri'.
lib/styling/enhanced-styling-manager.ts(57,12): error TS2503: Cannot find namespace '__esri'.
lib/styling/enhanced-styling-manager.ts(173,43): error TS2503: Cannot find namespace '__esri'.
lib/styling/enhanced-styling-manager.ts(222,41): error TS2503: Cannot find namespace '__esri'.
lib/styling/enhanced-styling-manager.ts(235,44): error TS2503: Cannot find namespace '__esri'.
lib/styling/enhanced-styling-manager.ts(254,41): error TS2503: Cannot find namespace '__esri'.
lib/styling/enhanced-styling-manager.ts(291,39): error TS2503: Cannot find namespace '__esri'.
lib/styling/enhanced-styling-manager.ts(302,36): error TS2503: Cannot find namespace '__esri'.
lib/styling/enhanced-styling-manager.ts(310,40): error TS2503: Cannot find namespace '__esri'.
lib/styling/enhanced-styling-manager.ts(318,47): error TS2503: Cannot find namespace '__esri'.
lib/styling/enhanced-styling-manager.ts(318,105): error TS2503: Cannot find namespace '__esri'.
lib/styling/enhanced-styling-manager.ts(342,48): error TS2503: Cannot find namespace '__esri'.
lib/styling/enhanced-styling-manager.ts(363,50): error TS2503: Cannot find namespace '__esri'.
lib/styling/enhanced-styling-manager.ts(382,51): error TS2503: Cannot find namespace '__esri'.
lib/styling/enhanced-styling-manager.ts(398,49): error TS2503: Cannot find namespace '__esri'.
lib/styling/enhanced-styling-manager.ts(398,97): error TS2503: Cannot find namespace '__esri'.
lib/styling/enhanced-styling-manager.ts(429,50): error TS2503: Cannot find namespace '__esri'.
lib/styling/enhanced-styling-manager.ts(468,41): error TS2503: Cannot find namespace '__esri'.
lib/styling/enhanced-styling-manager.ts(468,71): error TS2503: Cannot find namespace '__esri'.
lib/styling/integration/layer-controller-integration.ts(30,12): error TS2503: Cannot find namespace '__esri'.
lib/styling/integration/layer-controller-integration.ts(320,43): error TS2503: Cannot find namespace '__esri'.
lib/styling/styled-layer.ts(19,17): error TS2503: Cannot find namespace '__esri'.
lib/styling/styled-layer.ts(26,22): error TS2503: Cannot find namespace '__esri'.
lib/styling/styled-layer.ts(187,30): error TS2503: Cannot find namespace '__esri'.
lib/styling/styled-layer.ts(200,31): error TS7006: Parameter 'feature' implicitly has an 'any' type.
lib/styling/styled-layer.ts(222,12): error TS2503: Cannot find namespace '__esri'.
lib/styling/styled-layer.ts(251,51): error TS2503: Cannot find namespace '__esri'.
lib/styling/styled-layer.ts(270,48): error TS2503: Cannot find namespace '__esri'.
lib/styling/styled-layer.ts(291,50): error TS2503: Cannot find namespace '__esri'.
lib/styling/styled-layer.ts(310,51): error TS2503: Cannot find namespace '__esri'.
lib/styling/styled-layer.ts(326,50): error TS2503: Cannot find namespace '__esri'.
lib/styling/types.ts(301,20): error TS2503: Cannot find namespace '__esri'.
lib/styling/types.ts(322,18): error TS2503: Cannot find namespace '__esri'.
lib/styling/types.ts(329,10): error TS2503: Cannot find namespace '__esri'.
lib/types/agent.ts(9,17): error TS2503: Cannot find namespace '__esri'.
lib/types/agent.ts(13,13): error TS2503: Cannot find namespace '__esri'.
lib/types/agent.ts(21,10): error TS2503: Cannot find namespace '__esri'.
lib/types/agent.ts(34,13): error TS2503: Cannot find namespace '__esri'.
lib/utils/addressResolver.ts(16,22): error TS2503: Cannot find namespace '__esri'.
lib/utils/cmaStatistics.ts(2,39): error TS2307: Cannot find module '@/components/cma/types' or its corresponding type declarations.
lib/utils/cmaStatistics.ts(3,39): error TS2307: Cannot find module '@/components/cma/types' or its corresponding type declarations.
lib/utils/mapCapture.ts(12,12): error TS2503: Cannot find namespace '__esri'.
lib/utils/mapCapture.ts(17,12): error TS2503: Cannot find namespace '__esri'.
lib/utils/mapCapture.ts(68,11): error TS2503: Cannot find namespace '__esri'.
lib/utils/mapCapture.ts(79,12): error TS2503: Cannot find namespace '__esri'.
lib/utils/mapCapture.ts(105,28): error TS2503: Cannot find namespace '__esri'.
lib/utils/mapCapture.ts(142,23): error TS2503: Cannot find namespace '__esri'.
lib/utils/mapCapture.ts(168,12): error TS2503: Cannot find namespace '__esri'.
lib/utils/mapCapture.ts(256,12): error TS2503: Cannot find namespace '__esri'.
lib/utils/mapCapture.ts(261,16): error TS2503: Cannot find namespace '__esri'.
lib/utils/mapCapture.ts(297,12): error TS2503: Cannot find namespace '__esri'.
lib/workflows/CompareJurisdictions.ts(188,51): error TS7006: Parameter 'j' implicitly has an 'any' type.
reference/DynamicVisualizationFactory.ts(16,21): error TS2503: Cannot find namespace '__esri'.
reference/DynamicVisualizationFactory.ts(18,45): error TS2503: Cannot find namespace '__esri'.
reference/DynamicVisualizationFactory.ts(20,25): error TS2503: Cannot find namespace '__esri'.
reference/DynamicVisualizationFactory.ts(31,29): error TS2503: Cannot find namespace '__esri'.
reference/DynamicVisualizationFactory.ts(38,17): error TS7006: Parameter 'layer' implicitly has an 'any' type.
reference/DynamicVisualizationFactory.ts(39,14): error TS7006: Parameter 'layer' implicitly has an 'any' type.
reference/DynamicVisualizationFactory.ts(40,41): error TS2503: Cannot find namespace '__esri'.
reference/DynamicVisualizationFactory.ts(111,23): error TS2503: Cannot find namespace '__esri'.
reference/DynamicVisualizationFactory.ts(111,59): error TS2503: Cannot find namespace '__esri'.
reference/DynamicVisualizationFactory.ts(197,67): error TS2503: Cannot find namespace '__esri'.
reference/DynamicVisualizationFactory.ts(212,36): error TS7006: Parameter 'f' implicitly has an 'any' type.
reference/DynamicVisualizationFactory.ts(225,43): error TS2503: Cannot find namespace '__esri'.
reference/DynamicVisualizationFactory.ts(235,23): error TS2503: Cannot find namespace '__esri'.
reference/DynamicVisualizationFactory.ts(235,59): error TS2503: Cannot find namespace '__esri'.
types/fitness.ts(60,11): error TS2503: Cannot find namespace '__esri'.
types/fitness.ts(61,11): error TS2503: Cannot find namespace '__esri'.
types/fitness.ts(64,22): error TS2503: Cannot find namespace '__esri'.
types/fitness.ts(65,18): error TS2503: Cannot find namespace '__esri'.
types/fitness.ts(66,21): error TS2503: Cannot find namespace '__esri'.
types/fitness.ts(69,20): error TS2503: Cannot find namespace '__esri'.
types/fitness.ts(70,20): error TS2503: Cannot find namespace '__esri'.
types/geospatial-ai-types.ts(43,22): error TS2503: Cannot find namespace '__esri'.
types/geospatial-ai-types.ts(59,16): error TS2503: Cannot find namespace '__esri'.
types/geospatial-ai-types.ts(65,10): error TS2503: Cannot find namespace '__esri'.
types/geospatial-ai-types.ts(66,11): error TS2503: Cannot find namespace '__esri'.
types/geospatial-ai-types.ts(90,41): error TS2503: Cannot find namespace '__esri'.
types/geospatial-ai-types.ts(91,12): error TS2503: Cannot find namespace '__esri'.
types/geospatial-ai-types.ts(224,43): error TS2503: Cannot find namespace '__esri'.
types/geospatial-ai-types.ts(270,12): error TS2503: Cannot find namespace '__esri'.
types/geospatial-ai-types.ts(291,22): error TS2503: Cannot find namespace '__esri'.
types/geospatial-ai-types.ts(329,22): error TS2503: Cannot find namespace '__esri'.
types/geospatial-ai-types.ts(348,10): error TS2503: Cannot find namespace '__esri'.
types/geospatial-ai-types.ts(349,11): error TS2503: Cannot find namespace '__esri'.
types/geospatial-ai-types.ts(361,13): error TS2503: Cannot find namespace '__esri'.
types/geospatial-ai-types.ts(362,11): error TS2503: Cannot find namespace '__esri'.
types/geospatial-ai-types.ts(363,11): error TS2503: Cannot find namespace '__esri'.
types/geospatial-chat-component.ts(17,10): error TS2503: Cannot find namespace '__esri'.
types/geospatial-chat-component.ts(18,11): error TS2503: Cannot find namespace '__esri'.
types/geospatial-chat-component.ts(31,11): error TS2503: Cannot find namespace '__esri'.
types/geospatial-chat-component.ts(32,12): error TS2503: Cannot find namespace '__esri'.
types/geospatial-chat-component.ts(41,15): error TS2503: Cannot find namespace '__esri'.
types/geospatial-chat-component.ts(45,10): error TS2503: Cannot find namespace '__esri'.
types/geospatial-chat-component.ts(46,11): error TS2503: Cannot find namespace '__esri'.
types/geospatial-chat-component.ts(47,14): error TS2503: Cannot find namespace '__esri'.
types/geospatial-chat-component.ts(73,13): error TS2503: Cannot find namespace '__esri'.
types/geospatial-chat-component.ts(110,10): error TS2503: Cannot find namespace '__esri'.
types/geospatial-chat-component.ts(111,11): error TS2503: Cannot find namespace '__esri'.
types/geospatial-chat-component.ts(112,10): error TS2503: Cannot find namespace '__esri'.
types/geospatial-chat-component.ts(116,10): error TS2503: Cannot find namespace '__esri'.
types/geospatial-chat-component.ts(117,11): error TS2503: Cannot find namespace '__esri'.
types/geospatial-chat-component.ts(118,10): error TS2503: Cannot find namespace '__esri'.
types/geospatial-chat-component.ts(127,43): error TS2503: Cannot find namespace '__esri'.
types/geospatial-chat-component.ts(128,11): error TS2503: Cannot find namespace '__esri'.
types/geospatial-chat-component.ts(129,11): error TS2503: Cannot find namespace '__esri'.
types/geospatial-chat-component.ts(134,21): error TS2503: Cannot find namespace '__esri'.
types/geospatial-chat-component.ts(137,10): error TS2503: Cannot find namespace '__esri'.
types/geospatial-chat-component.ts(140,48): error TS2503: Cannot find namespace '__esri'.
types/geospatial-chat-component.ts(154,31): error TS2503: Cannot find namespace '__esri'.
types/geospatial-chat-component.ts(161,11): error TS2503: Cannot find namespace '__esri'.
types/geospatial-chat-component.ts(162,10): error TS2503: Cannot find namespace '__esri'.
types/geospatial-chat-component.ts(194,42): error TS2503: Cannot find namespace '__esri'.
types/geospatial-chat-component.ts(195,10): error TS2503: Cannot find namespace '__esri'.
types/geospatial-chat-component.ts(199,10): error TS2503: Cannot find namespace '__esri'.
types/geospatial-chat-component.ts(202,44): error TS2503: Cannot find namespace '__esri'.
types/geospatial-chat.ts(36,16): error TS2709: Cannot use namespace 'Extent' as a type.
types/geospatial-chat.ts(46,11): error TS2709: Cannot use namespace 'Extent' as a type.
types/geospatial-chat.ts(47,14): error TS2709: Cannot use namespace 'SimpleRenderer' as a type.
types/geospatial-chat.ts(51,15): error TS2503: Cannot find namespace '__esri'.
types/geospatial-chat.ts(60,10): error TS2709: Cannot use namespace 'FeatureLayer' as a type.
types/geospatial-chat.ts(61,11): error TS2709: Cannot use namespace 'Extent' as a type.
types/geospatial-chat.ts(66,12): error TS2709: Cannot use namespace 'MapView' as a type.
types/geospatial-chat.ts(99,41): error TS2709: Cannot use namespace 'FeatureLayer' as a type.
types/geospatial-chat.ts(100,12): error TS2709: Cannot use namespace 'MapView' as a type.
types/geospatial-chat.ts(131,11): error TS2709: Cannot use namespace 'Extent' as a type.
types/geospatial-chat.ts(135,12): error TS2709: Cannot use namespace 'MapView' as a type.
types/geospatial-chat.ts(136,41): error TS2709: Cannot use namespace 'FeatureLayer' as a type.
types/geospatial-chat.ts(140,10): error TS2709: Cannot use namespace 'FeatureLayer' as a type.
types/geospatial-chat.ts(141,11): error TS2709: Cannot use namespace 'Extent' as a type.
types/geospatial-chat.ts(145,44): error TS2503: Cannot find namespace '__esri'.
types/geospatial-chat.ts(149,44): error TS2503: Cannot find namespace '__esri'.
types/geospatial-chat.ts(153,45): error TS2503: Cannot find namespace '__esri'.
types/geospatial-chat.ts(169,12): error TS2503: Cannot find namespace '__esri'.
types/geospatial-chat.ts(196,19): error TS2503: Cannot find namespace '__esri'.
types/index.ts(31,16): error TS2503: Cannot find namespace '__esri'.
types/index.ts(51,39): error TS2709: Cannot use namespace 'Graphic' as a type.
types/index.ts(76,19): error TS2709: Cannot use namespace 'Graphic' as a type.
types/index.ts(80,10): error TS2503: Cannot find namespace '__esri'.
types/layers.ts(335,10): error TS2709: Cannot use namespace 'FeatureLayer' as a type.
types/layers.ts(512,9): error TS2709: Cannot use namespace 'MapView' as a type.
types/popup-config.ts(32,25): error TS2709: Cannot use namespace 'Graphic' as a type.
types/popup-config.ts(41,22): error TS2709: Cannot use namespace 'Graphic' as a type.
types/popup-config.ts(48,31): error TS2709: Cannot use namespace 'Graphic' as a type.
types/popup-config.ts(49,36): error TS2503: Cannot find namespace '__esri'.
types/popup-config.ts(56,25): error TS2709: Cannot use namespace 'Graphic' as a type.
types/popup-config.ts(63,12): error TS2709: Cannot use namespace 'Graphic' as a type.
types/popup-config.ts(72,12): error TS2709: Cannot use namespace 'Graphic' as a type.
types/processing.ts(6,11): error TS2709: Cannot use namespace 'Extent' as a type.
types/processing.ts(7,21): error TS2709: Cannot use namespace 'SpatialReference' as a type.
types/processing.ts(23,15): error TS2709: Cannot use namespace 'Graphic' as a type.
types/processing.ts(48,14): error TS2709: Cannot use namespace 'Graphic' as a type.
types/ProjectTypes.ts(13,13): error TS2503: Cannot find namespace '__esri'.
types/ProjectTypes.ts(14,11): error TS2503: Cannot find namespace '__esri'.
utils/createQuartileRenderer.ts(8,8): error TS2307: Cannot find module './types' or its corresponding type declarations.
utils/createQuartileRenderer.ts(36,10): error TS2503: Cannot find namespace '__esri'.
utils/createQuartileRenderer.ts(66,12): error TS7006: Parameter 'f' implicitly has an 'any' type.
utils/createQuartileRenderer.ts(67,16): error TS7006: Parameter 'val' implicitly has an 'any' type.
utils/createQuartileRenderer.ts(77,29): error TS7006: Parameter 'v' implicitly has an 'any' type.
utils/createQuartileRenderer.ts(80,29): error TS7006: Parameter 'v' implicitly has an 'any' type.
utils/createQuartileRenderer.ts(85,18): error TS7006: Parameter 'a' implicitly has an 'any' type.
utils/createQuartileRenderer.ts(85,21): error TS7006: Parameter 'b' implicitly has an 'any' type.
utils/createQuartileRenderer.ts(153,90): error TS7006: Parameter 'f' implicitly has an 'any' type.
utils/createQuartileRenderer.ts(173,42): error TS7006: Parameter 'f' implicitly has an 'any' type.
utils/createQuartileRenderer.ts(175,130): error TS7006: Parameter 'f' implicitly has an 'any' type.
utils/createQuartileRenderer.ts(190,34): error TS7006: Parameter 'val' implicitly has an 'any' type.
utils/createQuartileRenderer.ts(190,39): error TS7006: Parameter 'i' implicitly has an 'any' type.
utils/createQuartileRenderer.ts(261,19): error TS2503: Cannot find namespace '__esri'.
utils/createQuartileRenderer.ts(293,28): error TS7006: Parameter 'breakValue' implicitly has an 'any' type.
utils/createQuartileRenderer.ts(293,40): error TS7006: Parameter 'i' implicitly has an 'any' type.
utils/createQuartileRenderer.ts(332,43): error TS7006: Parameter 'breakValue' implicitly has an 'any' type.
utils/createQuartileRenderer.ts(332,55): error TS7006: Parameter 'i' implicitly has an 'any' type.
utils/createQuartileRenderer.ts(373,33): error TS7006: Parameter 'a' implicitly has an 'any' type.
utils/createQuartileRenderer.ts(373,36): error TS7006: Parameter 'b' implicitly has an 'any' type.
